Archive member included to satisfy reference by file (symbol)

c:/devkitpro/devkitarm/bin/../lib/gcc/arm-none-eabi/5.3.0/../../../../arm-none-eabi/lib/armv6k/fpu\libm.a(lib_a-s_cos.o)
                              libfft.o (cos)
c:/devkitpro/devkitarm/bin/../lib/gcc/arm-none-eabi/5.3.0/../../../../arm-none-eabi/lib/armv6k/fpu\libm.a(lib_a-s_sin.o)
                              libfft.o (sin)
c:/devkitpro/devkitarm/bin/../lib/gcc/arm-none-eabi/5.3.0/../../../../arm-none-eabi/lib/armv6k/fpu\libm.a(lib_a-w_log.o)
                              main.o (log)
c:/devkitpro/devkitarm/bin/../lib/gcc/arm-none-eabi/5.3.0/../../../../arm-none-eabi/lib/armv6k/fpu\libm.a(lib_a-w_pow.o)
                              main.o (pow)
c:/devkitpro/devkitarm/bin/../lib/gcc/arm-none-eabi/5.3.0/../../../../arm-none-eabi/lib/armv6k/fpu\libm.a(lib_a-e_log.o)
                              c:/devkitpro/devkitarm/bin/../lib/gcc/arm-none-eabi/5.3.0/../../../../arm-none-eabi/lib/armv6k/fpu\libm.a(lib_a-w_log.o) (__ieee754_log)
c:/devkitpro/devkitarm/bin/../lib/gcc/arm-none-eabi/5.3.0/../../../../arm-none-eabi/lib/armv6k/fpu\libm.a(lib_a-e_pow.o)
                              c:/devkitpro/devkitarm/bin/../lib/gcc/arm-none-eabi/5.3.0/../../../../arm-none-eabi/lib/armv6k/fpu\libm.a(lib_a-w_pow.o) (__ieee754_pow)
c:/devkitpro/devkitarm/bin/../lib/gcc/arm-none-eabi/5.3.0/../../../../arm-none-eabi/lib/armv6k/fpu\libm.a(lib_a-e_rem_pio2.o)
                              c:/devkitpro/devkitarm/bin/../lib/gcc/arm-none-eabi/5.3.0/../../../../arm-none-eabi/lib/armv6k/fpu\libm.a(lib_a-s_cos.o) (__ieee754_rem_pio2)
c:/devkitpro/devkitarm/bin/../lib/gcc/arm-none-eabi/5.3.0/../../../../arm-none-eabi/lib/armv6k/fpu\libm.a(lib_a-e_sqrt.o)
                              c:/devkitpro/devkitarm/bin/../lib/gcc/arm-none-eabi/5.3.0/../../../../arm-none-eabi/lib/armv6k/fpu\libm.a(lib_a-e_pow.o) (__ieee754_sqrt)
c:/devkitpro/devkitarm/bin/../lib/gcc/arm-none-eabi/5.3.0/../../../../arm-none-eabi/lib/armv6k/fpu\libm.a(lib_a-k_cos.o)
                              c:/devkitpro/devkitarm/bin/../lib/gcc/arm-none-eabi/5.3.0/../../../../arm-none-eabi/lib/armv6k/fpu\libm.a(lib_a-s_cos.o) (__kernel_cos)
c:/devkitpro/devkitarm/bin/../lib/gcc/arm-none-eabi/5.3.0/../../../../arm-none-eabi/lib/armv6k/fpu\libm.a(lib_a-k_rem_pio2.o)
                              c:/devkitpro/devkitarm/bin/../lib/gcc/arm-none-eabi/5.3.0/../../../../arm-none-eabi/lib/armv6k/fpu\libm.a(lib_a-e_rem_pio2.o) (__kernel_rem_pio2)
c:/devkitpro/devkitarm/bin/../lib/gcc/arm-none-eabi/5.3.0/../../../../arm-none-eabi/lib/armv6k/fpu\libm.a(lib_a-k_sin.o)
                              c:/devkitpro/devkitarm/bin/../lib/gcc/arm-none-eabi/5.3.0/../../../../arm-none-eabi/lib/armv6k/fpu\libm.a(lib_a-s_cos.o) (__kernel_sin)
c:/devkitpro/devkitarm/bin/../lib/gcc/arm-none-eabi/5.3.0/../../../../arm-none-eabi/lib/armv6k/fpu\libm.a(lib_a-s_fabs.o)
                              c:/devkitpro/devkitarm/bin/../lib/gcc/arm-none-eabi/5.3.0/../../../../arm-none-eabi/lib/armv6k/fpu\libm.a(lib_a-e_pow.o) (fabs)
c:/devkitpro/devkitarm/bin/../lib/gcc/arm-none-eabi/5.3.0/../../../../arm-none-eabi/lib/armv6k/fpu\libm.a(lib_a-s_finite.o)
                              c:/devkitpro/devkitarm/bin/../lib/gcc/arm-none-eabi/5.3.0/../../../../arm-none-eabi/lib/armv6k/fpu\libm.a(lib_a-w_pow.o) (finite)
c:/devkitpro/devkitarm/bin/../lib/gcc/arm-none-eabi/5.3.0/../../../../arm-none-eabi/lib/armv6k/fpu\libm.a(lib_a-s_floor.o)
                              c:/devkitpro/devkitarm/bin/../lib/gcc/arm-none-eabi/5.3.0/../../../../arm-none-eabi/lib/armv6k/fpu\libm.a(lib_a-k_rem_pio2.o) (floor)
c:/devkitpro/devkitarm/bin/../lib/gcc/arm-none-eabi/5.3.0/../../../../arm-none-eabi/lib/armv6k/fpu\libm.a(lib_a-s_fpclassify.o)
                              c:/devkitpro/devkitarm/bin/../lib/gcc/arm-none-eabi/5.3.0/../../../../arm-none-eabi/lib/armv6k/fpu\libm.a(lib_a-w_log.o) (__fpclassifyd)
c:/devkitpro/devkitarm/bin/../lib/gcc/arm-none-eabi/5.3.0/../../../../arm-none-eabi/lib/armv6k/fpu\libm.a(lib_a-s_lib_ver.o)
                              c:/devkitpro/devkitarm/bin/../lib/gcc/arm-none-eabi/5.3.0/../../../../arm-none-eabi/lib/armv6k/fpu\libm.a(lib_a-w_log.o) (__fdlib_version)
c:/devkitpro/devkitarm/bin/../lib/gcc/arm-none-eabi/5.3.0/../../../../arm-none-eabi/lib/armv6k/fpu\libm.a(lib_a-s_matherr.o)
                              c:/devkitpro/devkitarm/bin/../lib/gcc/arm-none-eabi/5.3.0/../../../../arm-none-eabi/lib/armv6k/fpu\libm.a(lib_a-w_log.o) (matherr)
c:/devkitpro/devkitarm/bin/../lib/gcc/arm-none-eabi/5.3.0/../../../../arm-none-eabi/lib/armv6k/fpu\libm.a(lib_a-s_nan.o)
                              c:/devkitpro/devkitarm/bin/../lib/gcc/arm-none-eabi/5.3.0/../../../../arm-none-eabi/lib/armv6k/fpu\libm.a(lib_a-w_log.o) (nan)
c:/devkitpro/devkitarm/bin/../lib/gcc/arm-none-eabi/5.3.0/../../../../arm-none-eabi/lib/armv6k/fpu\libm.a(lib_a-s_rint.o)
[...]
Memory Configuration

Name             Origin             Length             Attributes
*default*        0x00000000         0xffffffff

Linker script and memory map

                0x00100000                . = 0x100000
                0x00100000                __start__ = .

.text           0x00100000    0x2463c
 *(.crt0)
 .crt0          0x00100000       0x94 c:/devkitpro/devkitarm/bin/../lib/gcc/arm-none-eabi/5.3.0/../../../../arm-none-eabi/lib/armv6k/fpu/3dsx_crt0.o
                0x00100000                _start
                0x00100008                __service_ptr
                0x0010000c                __apt_appid
                0x00100010                __heap_size
                0x00100014                __linear_heap_size
                0x00100018                __system_arglist
                0x0010001c                __system_runflags
 *(.init)
 .init          0x00100094        0xc c:/devkitpro/devkitarm/bin/../lib/gcc/arm-none-eabi/5.3.0/armv6k/fpu/crti.o
                0x00100094                _init
 .init          0x001000a0        0xc c:/devkitpro/devkitarm/bin/../lib/gcc/arm-none-eabi/5.3.0/armv6k/fpu/crtn.o
                0x001000ac                . = ALIGN (0x4)
 *(.text)
 .text          0x001000ac      0x108 c:/devkitpro/devkitarm/bin/../lib/gcc/arm-none-eabi/5.3.0/armv6k/fpu/crtbegin.o
 *fill*         0x001001b4        0x4 
 .text          0x001001b8      0x4e8 libfft.o
                0x001001b8                initfft
                0x00100380                destroyfft
                0x00100384                applyfft
 .text          0x001006a0      0x250 main.o
                0x001006a0                buildHammingWindow
                0x00100728                buildHanWindow
                0x001007b0                applyWindow
                0x001007d8                computeSecondOrderLowPassParameters
                0x0010089c                processSecondOrderFilter
 .text          0x001008f0       0x64 c:/devkitPro/libctru/lib\libctru.a(stack_adjust.o)
                0x001008f0                initSystem
                0x00100934                __ctru_exit
 .text          0x00100954      0x240 c:/devkitpro/devkitarm/bin/../lib/gcc/arm-none-eabi/5.3.0/armv6k/fpu\libgcc.a(_divsi3.o)
                0x00100954                __divsi3
                0x00100954                __aeabi_idiv
                0x00100b74                __aeabi_idivmod
 .text          0x00100b94        0x4 c:/devkitpro/devkitarm/bin/../lib/gcc/arm-none-eabi/5.3.0/armv6k/fpu\libgcc.a(_dvmd_tls.o)
                0x00100b94                __aeabi_idiv0
                0x00100b94                __aeabi_ldiv0
 .text          0x00100b98       0x3c c:/devkitpro/devkitarm/bin/../lib/gcc/arm-none-eabi/5.3.0/armv6k/fpu\libgcc.a(_aeabi_uldivmod.o)
                0x00100b98                __aeabi_uldivmod
 .text          0x00100bd4      0x128 c:/devkitpro/devkitarm/bin/../lib/gcc/arm-none-eabi/5.3.0/armv6k/fpu\libgcc.a(_udivmoddi4.o)
                0x00100bd4                __udivmoddi4
 *fill*         0x00100cfc        0x4 
 .text          0x00100d00      0x3a0 c:/devkitpro/devkitarm/bin/../lib/gcc/arm-none-eabi/5.3.0/../../../../arm-none-eabi/lib/armv6k/fpu\libg.a(lib_a-strcmp.o)
                0x00100d08                strcmp
 .text          0x001010a0      0x1c4 c:/devkitpro/devkitarm/bin/../lib/gcc/arm-none-eabi/5.3.0/../../../../arm-none-eabi/lib/armv6k/fpu\libsysbase.a(iosupport.o)
                0x001010a8                setDefaultDevice
                0x001010c0                FindDevice
                0x0010117c                RemoveDevice
                0x001011a8                AddDevice
                0x00101240                GetDeviceOpTab
 .text          0x00101264       0x7c c:/devkitpro/devkitarm/bin/../lib/gcc/arm-none-eabi/5.3.0/../../../../arm-none-eabi/lib/armv6k/fpu\libsysbase.a(close.o)
                0x00101264                _close_r
 .text          0x001012e0       0x6c c:/devkitpro/devkitarm/bin/../lib/gcc/arm-none-eabi/5.3.0/../../../../arm-none-eabi/lib/armv6k/fpu\libsysbase.a(fstat.o)
                0x001012e0                _fstat_r
 .text          0x0010134c        0x8 c:/devkitpro/devkitarm/bin/../lib/gcc/arm-none-eabi/5.3.0/../../../../arm-none-eabi/lib/armv6k/fpu\libsysbase.a(isatty.o)
                0x0010134c                _isatty_r
 .text          0x00101354       0x78 c:/devkitpro/devkitarm/bin/../lib/gcc/arm-none-eabi/5.3.0/../../../../arm-none-eabi/lib/armv6k/fpu\libsysbase.a(lseek.o)
                0x00101354                _lseek_r
 .text          0x001013cc       0x78 c:/devkitpro/devkitarm/bin/../lib/gcc/arm-none-eabi/5.3.0/../../../../arm-none-eabi/lib/armv6k/fpu\libsysbase.a(read.o)
                0x001013cc                _read_r
 .text          0x00101444       0x70 c:/devkitpro/devkitarm/bin/../lib/gcc/arm-none-eabi/5.3.0/../../../../arm-none-eabi/lib/armv6k/fpu\libsysbase.a(sbrk.o)
                0x00101444                _sbrk_r
 .text          0x001014b4       0x78 c:/devkitpro/devkitarm/bin/../lib/gcc/arm-none-eabi/5.3.0/../../../../arm-none-eabi/lib/armv6k/fpu\libsysbase.a(write.o)
                0x001014b4                _write_r
 .text          0x0010152c       0x20 c:/devkitpro/devkitarm/bin/../lib/gcc/arm-none-eabi/5.3.0/../../../../arm-none-eabi/lib/armv6k/fpu\libsysbase.a(_exit.o)
                0x0010152c                _exit
 .text          0x0010154c      0x3b0 c:/devkitpro/devkitarm/bin/../lib/gcc/arm-none-eabi/5.3.0/../../../../arm-none-eabi/lib/armv6k/fpu\libsysbase.a(chdir.o)
                0x0010154c                _concatenate_path
                0x00101708                chdir
                0x0010185c                getcwd
 .text          0x001018fc       0x10 c:/devkitpro/devkitarm/bin/../lib/gcc/arm-none-eabi/5.3.0/../../../../arm-none-eabi/lib/armv6k/fpu\libsysbase.a(flock.o)
                0x001018fc                __flockfile
                0x00101904                __funlockfile
 .text          0x0010190c      0x108 c:/devkitpro/devkitarm/bin/../lib/gcc/arm-none-eabi/5.3.0/../../../../arm-none-eabi/lib/armv6k/fpu\libsysbase.a(syscall_support.o)
                0x0010190c                __libc_lock_init
                0x00101924                __libc_lock_acquire
                0x0010193c                __libc_lock_try_acquire
                0x00101960                __libc_lock_release
                0x00101978                __libc_lock_close
                0x00101990                __libc_lock_init_recursive
                0x001019a8                __libc_lock_acquire_recursive
                0x001019c0                __libc_lock_try_acquire_recursive
                0x001019e4                __libc_lock_release_recursive
                0x001019fc                __libc_lock_close_recursive
 .text          0x00101a14      0x2c4 c:/devkitpro/devkitarm/bin/../lib/gcc/arm-none-eabi/5.3.0/../../../../arm-none-eabi/lib/armv6k/fpu\libsysbase.a(handle_manager.o)
                0x00101a14                __free_handle
                0x00101a58                __release_handle
                0x00101a94                __alloc_handle
                0x00101b0c                __get_handle
                0x00101b28                dup
                0x00101bcc                dup2
 .text          0x00101cd8       0x28 c:/devkitpro/devkitarm/bin/../lib/gcc/arm-none-eabi/5.3.0/../../../../arm-none-eabi/lib/armv6k/fpu\libsysbase.a(getreent.o)
                0x00101cd8                __getreent
 .text          0x00101d00      0x20c c:/devkitpro/devkitarm/bin/../lib/gcc/arm-none-eabi/5.3.0/armv6k/fpu\libgcc.a(_udivsi3.o)
                0x00101d00                __aeabi_uidiv
                0x00101d00                __udivsi3
                0x00101eec                __aeabi_uidivmod
 *(.text.*)
 *fill*         0x00101f0c        0x4 
 .text.startup  0x00101f10      0x858 main.o
                0x00101f10                main
 .text.cos      0x00102768       0xc8 c:/devkitpro/devkitarm/bin/../lib/gcc/arm-none-eabi/5.3.0/../../../../arm-none-eabi/lib/armv6k/fpu\libm.a(lib_a-s_cos.o)
                0x00102768                cos
 .text.sin      0x00102830       0xd0 c:/devkitpro/devkitarm/bin/../lib/gcc/arm-none-eabi/5.3.0/../../../../arm-none-eabi/lib/armv6k/fpu\libm.a(lib_a-s_sin.o)
                0x00102830                sin
 .text.log      0x00102900      0x164 c:/devkitpro/devkitarm/bin/../lib/gcc/arm-none-eabi/5.3.0/../../../../arm-none-eabi/lib/armv6k/fpu\libm.a(lib_a-w_log.o)
                0x00102900                log
 *fill*         0x00102a64        0x4 
 .text.pow      0x00102a68      0x3b8 c:/devkitpro/devkitarm/bin/../lib/gcc/arm-none-eabi/5.3.0/../../../../arm-none-eabi/lib/armv6k/fpu\libm.a(lib_a-w_pow.o)
                0x00102a68                pow
 .text.__ieee754_log
                0x00102e20      0x2f0 c:/devkitpro/devkitarm/bin/../lib/gcc/arm-none-eabi/5.3.0/../../../../arm-none-eabi/lib/armv6k/fpu\libm.a(lib_a-e_log.o)
                0x00102e20                __ieee754_log
 .text.__ieee754_pow
                0x00103110      0x8c8 c:/devkitpro/devkitarm/bin/../lib/gcc/arm-none-eabi/5.3.0/../../../../arm-none-eabi/lib/armv6k/fpu\libm.a(lib_a-e_pow.o)
                0x00103110                __ieee754_pow
 .text.__ieee754_rem_pio2
                0x001039d8      0x308 c:/devkitpro/devkitarm/bin/../lib/gcc/arm-none-eabi/5.3.0/../../../../arm-none-eabi/lib/armv6k/fpu\libm.a(lib_a-e_rem_pio2.o)
                0x001039d8                __ieee754_rem_pio2
 .text.__ieee754_sqrt
                0x00103ce0      0x214 c:/devkitpro/devkitarm/bin/../lib/gcc/arm-none-eabi/5.3.0/../../../../arm-none-eabi/lib/armv6k/fpu\libm.a(lib_a-e_sqrt.o)
                0x00103ce0                __ieee754_sqrt
 *fill*         0x00103ef4        0x4 
 .text.__kernel_cos
                0x00103ef8      0x150 c:/devkitpro/devkitarm/bin/../lib/gcc/arm-none-eabi/5.3.0/../../../../arm-none-eabi/lib/armv6k/fpu\libm.a(lib_a-k_cos.o)
                0x00103ef8                __kernel_cos
 .text.__kernel_rem_pio2
                0x00104048      0x898 c:/devkitpro/devkitarm/bin/../lib/gcc/arm-none-eabi/5.3.0/../../../../arm-none-eabi/lib/armv6k/fpu\libm.a(lib_a-k_rem_pio2.o)
                0x00104048                __kernel_rem_pio2
 .text.__kernel_sin
                0x001048e0       0xc0 c:/devkitpro/devkitarm/bin/../lib/gcc/arm-none-eabi/5.3.0/../../../../arm-none-eabi/lib/armv6k/fpu\libm.a(lib_a-k_sin.o)
                0x001048e0                __kernel_sin
 .text.fabs     0x001049a0       0x10 c:/devkitpro/devkitarm/bin/../lib/gcc/arm-none-eabi/5.3.0/../../../../arm-none-eabi/lib/armv6k/fpu\libm.a(lib_a-s_fabs.o)
                0x001049a0                fabs
 .text.finite   0x001049b0       0x14 c:/devkitpro/devkitarm/bin/../lib/gcc/arm-none-eabi/5.3.0/../../../../arm-none-eabi/lib/armv6k/fpu\libm.a(lib_a-s_finite.o)
                0x001049b0                finite
 *fill*         0x001049c4        0x4 
 .text.floor    0x001049c8      0x180 c:/devkitpro/devkitarm/bin/../lib/gcc/arm-none-eabi/5.3.0/../../../../arm-none-eabi/lib/armv6k/fpu\libm.a(lib_a-s_floor.o)
                0x001049c8                floor
 .text.__fpclassifyd
                0x00104b48       0x74 c:/devkitpro/devkitarm/bin/../lib/gcc/arm-none-eabi/5.3.0/../../../../arm-none-eabi/lib/armv6k/fpu\libm.a(lib_a-s_fpclassify.o)
                0x00104b48                __fpclassifyd
 .text.matherr  0x00104bbc        0x8 c:/devkitpro/devkitarm/bin/../lib/gcc/arm-none-eabi/5.3.0/../../../../arm-none-eabi/lib/armv6k/fpu\libm.a(lib_a-s_matherr.o)
                0x00104bbc                matherr
 *fill*         0x00104bc4        0x4 
 .text.nan      0x00104bc8       0x10 c:/devkitpro/devkitarm/bin/../lib/gcc/arm-none-eabi/5.3.0/../../../../arm-none-eabi/lib/armv6k/fpu\libm.a(lib_a-s_nan.o)
                0x00104bc8                nan
 .text.rint     0x00104bd8      0x16c c:/devkitpro/devkitarm/bin/../lib/gcc/arm-none-eabi/5.3.0/../../../../arm-none-eabi/lib/armv6k/fpu\libm.a(lib_a-s_rint.o)
                0x00104bd8                rint
 *fill*         0x00104d44        0x4 
 .text.scalbn   0x00104d48      0x188 c:/devkitpro/devkitarm/bin/../lib/gcc/arm-none-eabi/5.3.0/../../../../arm-none-eabi/lib/armv6k/fpu\libm.a(lib_a-s_scalbn.o)
                0x00104d48                scalbn
 .text.copysign
                0x00104ed0       0x1c c:/devkitpro/devkitarm/bin/../lib/gcc/arm-none-eabi/5.3.0/../../../../arm-none-eabi/lib/armv6k/fpu\libm.a(lib_a-s_copysign.o)
                0x00104ed0                copysign
 .text.debug_write
                0x00104eec       0x1c c:/devkitPro/libctru/lib\libctru.a(console.o)
                0x00104eec                debug_write
 .text.consoleDrawChar
                0x00104f08      0x1ac c:/devkitPro/libctru/lib\libctru.a(console.o)
                0x00104f08                consoleDrawChar
 .text.consolePrintChar
                0x001050b4      0x128 c:/devkitPro/libctru/lib\libctru.a(console.o)
                0x001050b4                consolePrintChar
 .text.consoleCls
                0x001051dc      0x184 c:/devkitPro/libctru/lib\libctru.a(console.o)
 .text.consoleInit
                0x00105360       0xf8 c:/devkitPro/libctru/lib\libctru.a(console.o)
                0x00105360                consoleInit
 .text.consoleClearLine
                0x00105458      0x138 c:/devkitPro/libctru/lib\libctru.a(console.o)
 .text.newRow   0x00105590       0xc0 c:/devkitPro/libctru/lib\libctru.a(console.o)
 .text.con_write
                0x00105650      0x86c c:/devkitPro/libctru/lib\libctru.a(console.o)
                0x00105650                con_write
 .text.gfxSetFramebufferInfo.part.0
                0x00105ebc       0x8c c:/devkitPro/libctru/lib\libctru.a(gfx.o)
 .text.gfxSetScreenFormat
                0x00105f48       0x18 c:/devkitPro/libctru/lib\libctru.a(gfx.o)
                0x00105f48                gfxSetScreenFormat
 .text.gfxSetDoubleBuffering
                0x00105f60       0x14 c:/devkitPro/libctru/lib\libctru.a(gfx.o)
                0x00105f60                gfxSetDoubleBuffering
 .text.gfxSetFramebufferInfo
                0x00105f74       0x70 c:/devkitPro/libctru/lib\libctru.a(gfx.o)
                0x00105f74                gfxSetFramebufferInfo
 .text.gfxWriteFramebufferInfo
                0x00105fe4       0x88 c:/devkitPro/libctru/lib\libctru.a(gfx.o)
                0x00105fe4                gfxWriteFramebufferInfo
 .text.gfxInit  0x0010606c      0x1d0 c:/devkitPro/libctru/lib\libctru.a(gfx.o)
                0x0010606c                gfxInit
 .text.gfxExit  0x0010623c       0xe0 c:/devkitPro/libctru/lib\libctru.a(gfx.o)
                0x0010623c                gfxExit
 .text.gfxGetFramebuffer
                0x0010631c       0xb0 c:/devkitPro/libctru/lib\libctru.a(gfx.o)
                0x0010631c                gfxGetFramebuffer
 .text.gfxFlushBuffers
                0x001063cc       0xcc c:/devkitPro/libctru/lib\libctru.a(gfx.o)
                0x001063cc                gfxFlushBuffers
 .text.gfxConfigScreen
                0x00106498       0x70 c:/devkitPro/libctru/lib\libctru.a(gfx.o)
                0x00106498                gfxConfigScreen
 .text.gfxSwapBuffers
                0x00106508       0x20 c:/devkitPro/libctru/lib\libctru.a(gfx.o)
                0x00106508                gfxSwapBuffers
 .text.gfxSwapBuffersGpu
                0x00106528       0x20 c:/devkitPro/libctru/lib\libctru.a(gfx.o)
                0x00106528                gfxSwapBuffersGpu
 .text._aptDebug
                0x00106548        0x4 c:/devkitPro/libctru/lib\libctru.a(apt.o)
                0x00106548                _aptDebug
 .text.aptSendCommand
                0x0010654c      0x134 c:/devkitPro/libctru/lib\libctru.a(apt.o)
                0x0010654c                aptSendCommand
 .text.aptInitCaptureInfo
                0x00106680       0x98 c:/devkitPro/libctru/lib\libctru.a(apt.o)
                0x00106680                aptInitCaptureInfo
 .text.aptWaitStatusEvent
                0x00106718       0x28 c:/devkitPro/libctru/lib\libctru.a(apt.o)
                0x00106718                aptWaitStatusEvent
 .text.aptSetStatus
                0x00106740       0x6c c:/devkitPro/libctru/lib\libctru.a(apt.o)
                0x00106740                aptSetStatus
 .text.__handle_notification
                0x001067ac      0x234 c:/devkitPro/libctru/lib\libctru.a(apt.o)
 .text.APT_AppletUtility
                0x001069e0       0x74 c:/devkitPro/libctru/lib\libctru.a(apt.o)
                0x001069e0                APT_AppletUtility
 .text.aptAppletUtility_Exit_RetToApp
                0x00106a54       0xd4 c:/devkitPro/libctru/lib\libctru.a(apt.o)
                0x00106a54                aptAppletUtility_Exit_RetToApp
 .text.aptAppletClosed
                0x00106b28       0x3c c:/devkitPro/libctru/lib\libctru.a(apt.o)
                0x00106b28                aptAppletClosed
 .text.aptExit  0x00106b64      0x28c c:/devkitPro/libctru/lib\libctru.a(apt.o)
                0x00106b64                aptExit
 .text.aptAppStarted
                0x00106df0       0xb0 c:/devkitPro/libctru/lib\libctru.a(apt.o)
 .text.aptInit  0x00106ea0      0x224 c:/devkitPro/libctru/lib\libctru.a(apt.o)
                0x00106ea0                aptInit
 .text.aptReturnToMenu.part.1
                0x001070c4      0x1f4 c:/devkitPro/libctru/lib\libctru.a(apt.o)
 .text.aptReturnToMenu
                0x001072b8       0x40 c:/devkitPro/libctru/lib\libctru.a(apt.o)
                0x001072b8                aptReturnToMenu
 .text.aptAppletStarted
                0x001072f8      0x128 c:/devkitPro/libctru/lib\libctru.a(apt.o)
                0x001072f8                aptAppletStarted
 .text.aptMainLoop
                0x00107420      0x1a4 c:/devkitPro/libctru/lib\libctru.a(apt.o)
                0x00107420                aptMainLoop
 .text.APT_ReceiveParameter
                0x001075c4       0x88 c:/devkitPro/libctru/lib\libctru.a(apt.o)
                0x001075c4                APT_ReceiveParameter
 .text.aptEventHandler
                0x0010764c      0x1c8 c:/devkitPro/libctru/lib\libctru.a(apt.o)
                0x0010764c                aptEventHandler
 .text.APT_CheckNew3DS
                0x00107814       0x6c c:/devkitPro/libctru/lib\libctru.a(apt.o)
                0x00107814                APT_CheckNew3DS
 .text.gspEventThreadMain
                0x00107880      0x124 c:/devkitPro/libctru/lib\libctru.a(gspgpu.o)
 .text.gspInit  0x001079a4       0x74 c:/devkitPro/libctru/lib\libctru.a(gspgpu.o)
                0x001079a4                gspInit
 .text.gspExit  0x00107a18       0x3c c:/devkitPro/libctru/lib\libctru.a(gspgpu.o)
                0x00107a18                gspExit
 .text.gspInitEventHandler
                0x00107a54       0xd0 c:/devkitPro/libctru/lib\libctru.a(gspgpu.o)
                0x00107a54                gspInitEventHandler
 .text.gspExitEventHandler
                0x00107b24       0x5c c:/devkitPro/libctru/lib\libctru.a(gspgpu.o)
                0x00107b24                gspExitEventHandler
 .text.gspWaitForEvent
                0x00107b80       0x58 c:/devkitPro/libctru/lib\libctru.a(gspgpu.o)
                0x00107b80                gspWaitForEvent
 .text.GSPGPU_SetBufferSwap
                0x00107bd8       0x6c c:/devkitPro/libctru/lib\libctru.a(gspgpu.o)
                0x00107bd8                GSPGPU_SetBufferSwap
 .text.GSPGPU_FlushDataCache
                0x00107c44       0x4c c:/devkitPro/libctru/lib\libctru.a(gspgpu.o)
                0x00107c44                GSPGPU_FlushDataCache
 .text.GSPGPU_SetLcdForceBlack
                0x00107c90       0x34 c:/devkitPro/libctru/lib\libctru.a(gspgpu.o)
                0x00107c90                GSPGPU_SetLcdForceBlack
 .text.GSPGPU_RegisterInterruptRelayQueue
                0x00107cc4       0x64 c:/devkitPro/libctru/lib\libctru.a(gspgpu.o)
                0x00107cc4                GSPGPU_RegisterInterruptRelayQueue
 .text.GSPGPU_UnregisterInterruptRelayQueue
                0x00107d28       0x2c c:/devkitPro/libctru/lib\libctru.a(gspgpu.o)
                0x00107d28                GSPGPU_UnregisterInterruptRelayQueue
 .text.GSPGPU_AcquireRight
                0x00107d54       0x48 c:/devkitPro/libctru/lib\libctru.a(gspgpu.o)
                0x00107d54                GSPGPU_AcquireRight
 .text.GSPGPU_ReleaseRight
                0x00107d9c       0x2c c:/devkitPro/libctru/lib\libctru.a(gspgpu.o)
                0x00107d9c                GSPGPU_ReleaseRight
 .text.GSPGPU_ImportDisplayCaptureInfo
                0x00107dc8       0x80 c:/devkitPro/libctru/lib\libctru.a(gspgpu.o)
                0x00107dc8                GSPGPU_ImportDisplayCaptureInfo
 .text.GSPGPU_SaveVramSysArea
                0x00107e48       0x2c c:/devkitPro/libctru/lib\libctru.a(gspgpu.o)
                0x00107e48                GSPGPU_SaveVramSysArea
 .text.GSPGPU_RestoreVramSysArea
                0x00107e74       0x2c c:/devkitPro/libctru/lib\libctru.a(gspgpu.o)
                0x00107e74                GSPGPU_RestoreVramSysArea
 .text.hidExit  0x00107ea0       0xd8 c:/devkitPro/libctru/lib\libctru.a(hid.o)
                0x00107ea0                hidExit
 .text.hidScanInput
                0x00107f78      0x238 c:/devkitPro/libctru/lib\libctru.a(hid.o)
                0x00107f78                hidScanInput
 .text.hidKeysDown
                0x001081b0       0x10 c:/devkitPro/libctru/lib\libctru.a(hid.o)
                0x001081b0                hidKeysDown
 .text.HIDUSER_GetHandles
                0x001081c0       0x90 c:/devkitPro/libctru/lib\libctru.a(hid.o)
                0x001081c0                HIDUSER_GetHandles
 .text.hidInit  0x00108250      0x184 c:/devkitPro/libctru/lib\libctru.a(hid.o)
                0x00108250                hidInit
 .text.irrstScanInput
                0x001083d4       0xb0 c:/devkitPro/libctru/lib\libctru.a(irrst.o)
                0x001083d4                irrstScanInput
 .text.irrstKeysHeld
                0x00108484       0x1c c:/devkitPro/libctru/lib\libctru.a(irrst.o)
                0x00108484                irrstKeysHeld
 .text.IRRST_GetHandles
                0x001084a0       0x50 c:/devkitPro/libctru/lib\libctru.a(irrst.o)
                0x001084a0                IRRST_GetHandles
 .text.irrstInit
                0x001084f0      0x148 c:/devkitPro/libctru/lib\libctru.a(irrst.o)
                0x001084f0                irrstInit
 .text.IRRST_Shutdown
                0x00108638       0x2c c:/devkitPro/libctru/lib\libctru.a(irrst.o)
                0x00108638                IRRST_Shutdown
 .text.irrstExit
                0x00108664       0xb0 c:/devkitPro/libctru/lib\libctru.a(irrst.o)
                0x00108664                irrstExit
 .text.micGetSampleDataSize
                0x00108714       0x14 c:/devkitPro/libctru/lib\libctru.a(mic.o)
                0x00108714                micGetSampleDataSize
 .text.MICU_MapSharedMem
                0x00108728       0x40 c:/devkitPro/libctru/lib\libctru.a(mic.o)
                0x00108728                MICU_MapSharedMem
 .text.MICU_UnmapSharedMem
                0x00108768       0x2c c:/devkitPro/libctru/lib\libctru.a(mic.o)
                0x00108768                MICU_UnmapSharedMem
 .text.MICU_StartSampling
                0x00108794       0x48 c:/devkitPro/libctru/lib\libctru.a(mic.o)
                0x00108794                MICU_StartSampling
 .text.MICU_SetGain
                0x001087dc       0x34 c:/devkitPro/libctru/lib\libctru.a(mic.o)
                0x001087dc                MICU_SetGain
 .text.MICU_GetGain
                0x00108810       0x40 c:/devkitPro/libctru/lib\libctru.a(mic.o)
                0x00108810                MICU_GetGain
 .text.MICU_SetPower
                0x00108850       0x34 c:/devkitPro/libctru/lib\libctru.a(mic.o)
                0x00108850                MICU_SetPower
 .text.micExit  0x00108884       0xa0 c:/devkitPro/libctru/lib\libctru.a(mic.o)
                0x00108884                micExit
 .text.micInit  0x00108924       0xe4 c:/devkitPro/libctru/lib\libctru.a(mic.o)
                0x00108924                micInit
 .text.__system_initArgv
                0x00108a08       0xf4 c:/devkitPro/libctru/lib\libctru.a(initArgv.o)
                0x00108a08                __system_initArgv
 .text.__libctru_init
                0x00108afc       0x38 c:/devkitPro/libctru/lib\libctru.a(initSystem.o)
                0x00108afc                __libctru_init
 .text.__ctru_get_reent
                0x00108b34       0x30 c:/devkitPro/libctru/lib\libctru.a(syscalls.o)
 .text.__system_initSyscalls
                0x00108b64       0xe8 c:/devkitPro/libctru/lib\libctru.a(syscalls.o)
                0x00108b64                __system_initSyscalls
 .text.svcControlMemory
                0x00108c4c       0x20 c:/devkitPro/libctru/lib\libctru.a(svc.o)
                0x00108c4c                svcControlMemory
 .text.svcExitProcess
                0x00108c6c        0x8 c:/devkitPro/libctru/lib\libctru.a(svc.o)
                0x00108c6c                svcExitProcess
 .text.svcCreateThread
                0x00108c74       0x20 c:/devkitPro/libctru/lib\libctru.a(svc.o)
                0x00108c74                svcCreateThread
 .text.svcExitThread
                0x00108c94        0x8 c:/devkitPro/libctru/lib\libctru.a(svc.o)
                0x00108c94                svcExitThread
 .text.svcReleaseMutex
                0x00108c9c        0x8 c:/devkitPro/libctru/lib\libctru.a(svc.o)
                0x00108c9c                svcReleaseMutex
 .text.svcCreateEvent
                0x00108ca4       0x14 c:/devkitPro/libctru/lib\libctru.a(svc.o)
                0x00108ca4                svcCreateEvent
 .text.svcSignalEvent
                0x00108cb8        0x8 c:/devkitPro/libctru/lib\libctru.a(svc.o)
                0x00108cb8                svcSignalEvent
 .text.svcClearEvent
                0x00108cc0        0x8 c:/devkitPro/libctru/lib\libctru.a(svc.o)
                0x00108cc0                svcClearEvent
 .text.svcCreateMemoryBlock
                0x00108cc8       0x18 c:/devkitPro/libctru/lib\libctru.a(svc.o)
                0x00108cc8                svcCreateMemoryBlock
 .text.svcMapMemoryBlock
                0x00108ce0        0x8 c:/devkitPro/libctru/lib\libctru.a(svc.o)
                0x00108ce0                svcMapMemoryBlock
 .text.svcUnmapMemoryBlock
                0x00108ce8        0x8 c:/devkitPro/libctru/lib\libctru.a(svc.o)
                0x00108ce8                svcUnmapMemoryBlock
 .text.svcCreateAddressArbiter
                0x00108cf0       0x14 c:/devkitPro/libctru/lib\libctru.a(svc.o)
                0x00108cf0                svcCreateAddressArbiter
 .text.svcArbitrateAddress
                0x00108d04       0x18 c:/devkitPro/libctru/lib\libctru.a(svc.o)
                0x00108d04                svcArbitrateAddress
 .text.svcCloseHandle
                0x00108d1c        0x8 c:/devkitPro/libctru/lib\libctru.a(svc.o)
                0x00108d1c                svcCloseHandle
 .text.svcWaitSynchronization
                0x00108d24        0x8 c:/devkitPro/libctru/lib\libctru.a(svc.o)
                0x00108d24                svcWaitSynchronization
 .text.svcWaitSynchronizationN
                0x00108d2c       0x28 c:/devkitPro/libctru/lib\libctru.a(svc.o)
                0x00108d2c                svcWaitSynchronizationN
 .text.svcDuplicateHandle
                0x00108d54       0x14 c:/devkitPro/libctru/lib\libctru.a(svc.o)
                0x00108d54                svcDuplicateHandle
 .text.svcGetSystemTick
                0x00108d68        0x8 c:/devkitPro/libctru/lib\libctru.a(svc.o)
                0x00108d68                svcGetSystemTick
 .text.svcGetSystemInfo
                0x00108d70       0x18 c:/devkitPro/libctru/lib\libctru.a(svc.o)
                0x00108d70                svcGetSystemInfo
 .text.svcConnectToPort
                0x00108d88       0x14 c:/devkitPro/libctru/lib\libctru.a(svc.o)
                0x00108d88                svcConnectToPort
 .text.svcSendSyncRequest
                0x00108d9c        0x8 c:/devkitPro/libctru/lib\libctru.a(svc.o)
                0x00108d9c                svcSendSyncRequest
 .text.svcBreak
                0x00108da4        0x8 c:/devkitPro/libctru/lib\libctru.a(svc.o)
                0x00108da4                svcBreak
 .text.svcOutputDebugString
                0x00108dac        0x8 c:/devkitPro/libctru/lib\libctru.a(svc.o)
                0x00108dac                svcOutputDebugString
 .text._ZL21addrMapNodeComparatorPK11rbtree_nodeS1_
                0x00108db4       0x24 c:/devkitPro/libctru/lib\libctru.a(linear.o)
 .text._ZL21addrMapNodeDestructorP11rbtree_node
                0x00108dd8        0x4 c:/devkitPro/libctru/lib\libctru.a(linear.o)
 .text.linearMemAlign
                0x00108ddc      0x140 c:/devkitPro/libctru/lib\libctru.a(linear.o)
                0x00108ddc                linearMemAlign
 .text.linearAlloc
                0x00108f1c        0x8 c:/devkitPro/libctru/lib\libctru.a(linear.o)
                0x00108f1c                linearAlloc
 .text.linearFree
                0x00108f24       0x50 c:/devkitPro/libctru/lib\libctru.a(linear.o)
                0x00108f24                linearFree
 .text._ZL21addrMapNodeComparatorPK11rbtree_nodeS1_
                0x00108f74       0x24 c:/devkitPro/libctru/lib\libctru.a(mappable.o)
 .text._ZL21addrMapNodeDestructorP11rbtree_node
                0x00108f98        0x4 c:/devkitPro/libctru/lib\libctru.a(mappable.o)
 .text.mappableAlloc
                0x00108f9c       0xf4 c:/devkitPro/libctru/lib\libctru.a(mappable.o)
                0x00108f9c                mappableAlloc
 .text.mappableFree
                0x00109090       0x50 c:/devkitPro/libctru/lib\libctru.a(mappable.o)
                0x00109090                mappableFree
 .text._ZN7MemPool13CoalesceRightEP8MemBlock
                0x001090e0       0xa0 c:/devkitPro/libctru/lib\libctru.a(mem_pool.o)
                0x001090e0                MemPool::CoalesceRight(MemBlock*)
 .text._ZN7MemPool8AllocateER8MemChunkmi
                0x00109180      0x18c c:/devkitPro/libctru/lib\libctru.a(mem_pool.o)
                0x00109180                MemPool::Allocate(MemChunk&, unsigned long, int)
 .text._ZN7MemPool10DeallocateERK8MemChunk
                0x0010930c      0x104 c:/devkitPro/libctru/lib\libctru.a(mem_pool.o)
                0x0010930c                MemPool::Deallocate(MemChunk const&)
 .text._ZL21addrMapNodeComparatorPK11rbtree_nodeS1_
                0x00109410       0x24 c:/devkitPro/libctru/lib\libctru.a(vram.o)
 .text._ZL21addrMapNodeDestructorP11rbtree_node
                0x00109434        0x4 c:/devkitPro/libctru/lib\libctru.a(vram.o)
 .text.vramMemAlign
                0x00109438      0x130 c:/devkitPro/libctru/lib\libctru.a(vram.o)
                0x00109438                vramMemAlign
 .text.vramAlloc
                0x00109568        0x8 c:/devkitPro/libctru/lib\libctru.a(vram.o)
                0x00109568                vramAlloc
 .text.vramFree
                0x00109570       0x50 c:/devkitPro/libctru/lib\libctru.a(vram.o)
                0x00109570                vramFree
 .text.envGetHandle
                0x001095c0       0x94 c:/devkitPro/libctru/lib\libctru.a(env.o)
                0x001095c0                envGetHandle
 .text.envDestroyHandles
                0x00109654       0x4c c:/devkitPro/libctru/lib\libctru.a(env.o)
                0x00109654                envDestroyHandles
 .text.getSysTime
                0x001096a0       0x58 c:/devkitPro/libctru/lib\libctru.a(os.o)
 .text.osGetMemRegionUsed
                0x001096f8       0x24 c:/devkitPro/libctru/lib\libctru.a(os.o)
                0x001096f8                osGetMemRegionUsed
 *fill*         0x0010971c        0x4 
 .text.__libctru_gtod
                0x00109720       0xf8 c:/devkitPro/libctru/lib\libctru.a(os.o)
                0x00109720                __libctru_gtod
 .text.__ctru_speedup_config
                0x00109818       0x34 c:/devkitPro/libctru/lib\libctru.a(os.o)
                0x00109818                __ctru_speedup_config
 .text.srvExit  0x0010984c       0x50 c:/devkitPro/libctru/lib\libctru.a(srv.o)
                0x0010984c                srvExit
 .text.srvRegisterClient
                0x0010989c       0x38 c:/devkitPro/libctru/lib\libctru.a(srv.o)
                0x0010989c                srvRegisterClient
 .text.srvInit  0x001098d4       0x70 c:/devkitPro/libctru/lib\libctru.a(srv.o)
                0x001098d4                srvInit
 .text.srvGetServiceHandleDirect
                0x00109944       0x68 c:/devkitPro/libctru/lib\libctru.a(srv.o)
                0x00109944                srvGetServiceHandleDirect
 .text.srvGetServiceHandle
                0x001099ac       0x38 c:/devkitPro/libctru/lib\libctru.a(srv.o)
                0x001099ac                srvGetServiceHandle
 .text.LightLock_Unlock.part.1
                0x001099e4       0x34 c:/devkitPro/libctru/lib\libctru.a(synchronization.o)
 .text.__sync_init
                0x00109a18        0xc c:/devkitPro/libctru/lib\libctru.a(synchronization.o)
                0x00109a18                __sync_init
 .text.__sync_fini
                0x00109a24       0x18 c:/devkitPro/libctru/lib\libctru.a(synchronization.o)
                0x00109a24                __sync_fini
 .text.LightLock_Init
                0x00109a3c       0x18 c:/devkitPro/libctru/lib\libctru.a(synchronization.o)
                0x00109a3c                LightLock_Init
 .text.LightLock_Lock
                0x00109a54       0x94 c:/devkitPro/libctru/lib\libctru.a(synchronization.o)
                0x00109a54                LightLock_Lock
 .text.LightLock_TryLock
                0x00109ae8       0x34 c:/devkitPro/libctru/lib\libctru.a(synchronization.o)
                0x00109ae8                LightLock_TryLock
 .text.LightLock_Unlock
                0x00109b1c       0x20 c:/devkitPro/libctru/lib\libctru.a(synchronization.o)
                0x00109b1c                LightLock_Unlock
 .text.RecursiveLock_Init
                0x00109b3c       0x24 c:/devkitPro/libctru/lib\libctru.a(synchronization.o)
                0x00109b3c                RecursiveLock_Init
 .text.RecursiveLock_Lock
                0x00109b60       0x30 c:/devkitPro/libctru/lib\libctru.a(synchronization.o)
                0x00109b60                RecursiveLock_Lock
 .text.RecursiveLock_TryLock
                0x00109b90       0x58 c:/devkitPro/libctru/lib\libctru.a(synchronization.o)
                0x00109b90                RecursiveLock_TryLock
 .text.RecursiveLock_Unlock
                0x00109be8       0x38 c:/devkitPro/libctru/lib\libctru.a(synchronization.o)
                0x00109be8                RecursiveLock_Unlock
 .text.threadCreate
                0x00109c20      0x1c8 c:/devkitPro/libctru/lib\libctru.a(thread.o)
                0x00109c20                threadCreate
 .text.threadJoin
                0x00109de8       0x24 c:/devkitPro/libctru/lib\libctru.a(thread.o)
                0x00109de8                threadJoin
 .text.threadExit
                0x00109e0c       0x6c c:/devkitPro/libctru/lib\libctru.a(thread.o)
                0x00109e0c                threadExit
 .text._thread_begin
                0x00109e78       0x3c c:/devkitPro/libctru/lib\libctru.a(thread.o)
 .text.ptmSysmInit
                0x00109eb4       0x70 c:/devkitPro/libctru/lib\libctru.a(ptmsysm.o)
                0x00109eb4                ptmSysmInit
 .text.ptmSysmExit
                0x00109f24       0x34 c:/devkitPro/libctru/lib\libctru.a(ptmsysm.o)
                0x00109f24                ptmSysmExit
 .text.PTMSYSM_ConfigureNew3DSCPU
                0x00109f58       0x34 c:/devkitPro/libctru/lib\libctru.a(ptmsysm.o)
                0x00109f58                PTMSYSM_ConfigureNew3DSCPU
 .text.rbtree_find
                0x00109f8c       0x70 c:/devkitPro/libctru/lib\libctru.a(rbtree_find.o)
                0x00109f8c                rbtree_find
 .text.rbtree_init
                0x00109ffc       0x14 c:/devkitPro/libctru/lib\libctru.a(rbtree_init.o)
                0x00109ffc                rbtree_init
 .text.do_insert
                0x0010a010      0x1d4 c:/devkitPro/libctru/lib\libctru.a(rbtree_insert.o)
 .text.rbtree_insert
                0x0010a1e4        0x8 c:/devkitPro/libctru/lib\libctru.a(rbtree_insert.o)
                0x0010a1e4                rbtree_insert
 .text.rbtree_remove
                0x0010a1ec      0x35c c:/devkitPro/libctru/lib\libctru.a(rbtree_remove.o)
                0x0010a1ec                rbtree_remove
 .text.rbtree_rotate
                0x0010a548       0xac c:/devkitPro/libctru/lib\libctru.a(rbtree_rotate.o)
                0x0010a548                rbtree_rotate
 .text.osGetMemRegionSize
                0x0010a5f4       0x58 c:/devkitPro/libctru/lib\libctru.a(allocateHeaps.o)
 .text.__system_allocateHeaps
                0x0010a64c      0x124 c:/devkitPro/libctru/lib\libctru.a(allocateHeaps.o)
                0x0010a64c                __system_allocateHeaps
 .text.__appExit
                0x0010a770       0x1c c:/devkitPro/libctru/lib\libctru.a(appExit.o)
                0x0010a770                __appExit
 .text.__appInit
                0x0010a78c       0x1c c:/devkitPro/libctru/lib\libctru.a(appInit.o)
                0x0010a78c                __appInit
 .text.__libctru_exit
                0x0010a7a8       0xa4 c:/devkitPro/libctru/lib\libctru.a(ctru_exit.o)
                0x0010a7a8                __libctru_exit
 .text.sdmc_link
                0x0010a84c       0x10 c:/devkitPro/libctru/lib\libctru.a(sdmc_dev.o)
 .text.sdmc_dirreset
                0x0010a85c       0x10 c:/devkitPro/libctru/lib\libctru.a(sdmc_dev.o)
 .text.sdmc_chmod
                0x0010a86c       0x10 c:/devkitPro/libctru/lib\libctru.a(sdmc_dev.o)
 .text.sdmc_fchmod
                0x0010a87c       0x10 c:/devkitPro/libctru/lib\libctru.a(sdmc_dev.o)
 .text.error_cmp
                0x0010a88c       0x24 c:/devkitPro/libctru/lib\libctru.a(sdmc_dev.o)
 .text.sdmc_translate_error
                0x0010a8b0       0x50 c:/devkitPro/libctru/lib\libctru.a(sdmc_dev.o)
 .text.sdmc_fsync
                0x0010a900       0x34 c:/devkitPro/libctru/lib\libctru.a(sdmc_dev.o)
 .text.sdmc_ftruncate
                0x0010a934       0x54 c:/devkitPro/libctru/lib\libctru.a(sdmc_dev.o)
 .text.sdmc_statvfs
                0x0010a988       0xac c:/devkitPro/libctru/lib\libctru.a(sdmc_dev.o)
 .text.sdmc_dirclose
                0x0010aa34       0x38 c:/devkitPro/libctru/lib\libctru.a(sdmc_dev.o)
 .text.sdmc_dirnext
                0x0010aa6c      0x13c c:/devkitPro/libctru/lib\libctru.a(sdmc_dev.o)
 .text.sdmc_close
                0x0010aba8       0x34 c:/devkitPro/libctru/lib\libctru.a(sdmc_dev.o)
 .text.sdmc_fstat
                0x0010abdc       0x74 c:/devkitPro/libctru/lib\libctru.a(sdmc_dev.o)
 .text.sdmc_seek
                0x0010ac50       0xc0 c:/devkitPro/libctru/lib\libctru.a(sdmc_dev.o)
 .text.sdmc_read
                0x0010ad10       0x8c c:/devkitPro/libctru/lib\libctru.a(sdmc_dev.o)
 .text.sdmc_write_safe
                0x0010ad9c      0x110 c:/devkitPro/libctru/lib\libctru.a(sdmc_dev.o)
 .text.sdmc_utf16path
                0x0010aeac      0x1b4 c:/devkitPro/libctru/lib\libctru.a(sdmc_dev.o)
 .text.sdmc_rmdir
                0x0010b060       0x74 c:/devkitPro/libctru/lib\libctru.a(sdmc_dev.o)
 .text.sdmc_diropen
                0x0010b0d4       0xa8 c:/devkitPro/libctru/lib\libctru.a(sdmc_dev.o)
 .text.sdmc_chdir
                0x0010b17c       0xa0 c:/devkitPro/libctru/lib\libctru.a(sdmc_dev.o)
 .text.sdmc_mkdir
                0x0010b21c       0x98 c:/devkitPro/libctru/lib\libctru.a(sdmc_dev.o)
 .text.sdmc_rename
                0x0010b2b4      0x108 c:/devkitPro/libctru/lib\libctru.a(sdmc_dev.o)
 .text.sdmc_unlink
                0x0010b3bc       0x74 c:/devkitPro/libctru/lib\libctru.a(sdmc_dev.o)
 .text.sdmc_stat
                0x0010b430      0x108 c:/devkitPro/libctru/lib\libctru.a(sdmc_dev.o)
 .text.sdmc_open
                0x0010b538      0x188 c:/devkitPro/libctru/lib\libctru.a(sdmc_dev.o)
 .text.sdmcInit
                0x0010b6c0      0x15c c:/devkitPro/libctru/lib\libctru.a(sdmc_dev.o)
                0x0010b6c0                sdmcInit
 .text.sdmcExit
                0x0010b81c       0x54 c:/devkitPro/libctru/lib\libctru.a(sdmc_dev.o)
                0x0010b81c                sdmcExit
 .text.fsSessionForArchive.part.0
                0x0010b870       0x28 c:/devkitPro/libctru/lib\libctru.a(fs.o)
 .text.fsInit   0x0010b898       0xcc c:/devkitPro/libctru/lib\libctru.a(fs.o)
                0x0010b898                fsInit
 .text.fsExit   0x0010b964       0x38 c:/devkitPro/libctru/lib\libctru.a(fs.o)
                0x0010b964                fsExit
 .text.fsExemptFromSession
                0x0010b99c       0x74 c:/devkitPro/libctru/lib\libctru.a(fs.o)
                0x0010b99c                fsExemptFromSession
 .text.fsUnexemptFromSession
                0x0010ba10       0x54 c:/devkitPro/libctru/lib\libctru.a(fs.o)
                0x0010ba10                fsUnexemptFromSession
 .text.FSUSER_OpenFile
                0x0010ba64       0xbc c:/devkitPro/libctru/lib\libctru.a(fs.o)
                0x0010ba64                FSUSER_OpenFile
 .text.FSUSER_DeleteFile
                0x0010bb20       0xa4 c:/devkitPro/libctru/lib\libctru.a(fs.o)
                0x0010bb20                FSUSER_DeleteFile
 .text.FSUSER_RenameFile
                0x0010bbc4       0xe0 c:/devkitPro/libctru/lib\libctru.a(fs.o)
                0x0010bbc4                FSUSER_RenameFile
 .text.FSUSER_DeleteDirectory
                0x0010bca4       0xa4 c:/devkitPro/libctru/lib\libctru.a(fs.o)
                0x0010bca4                FSUSER_DeleteDirectory
 .text.FSUSER_CreateFile
                0x0010bd48       0xbc c:/devkitPro/libctru/lib\libctru.a(fs.o)
                0x0010bd48                FSUSER_CreateFile
 .text.FSUSER_CreateDirectory
                0x0010be04       0xac c:/devkitPro/libctru/lib\libctru.a(fs.o)
                0x0010be04                FSUSER_CreateDirectory
 .text.FSUSER_RenameDirectory
                0x0010beb0       0xe0 c:/devkitPro/libctru/lib\libctru.a(fs.o)
                0x0010beb0                FSUSER_RenameDirectory
 .text.FSUSER_OpenDirectory
                0x0010bf90       0xa4 c:/devkitPro/libctru/lib\libctru.a(fs.o)
                0x0010bf90                FSUSER_OpenDirectory
 .text.FSUSER_OpenArchive
                0x0010c034       0x9c c:/devkitPro/libctru/lib\libctru.a(fs.o)
                0x0010c034                FSUSER_OpenArchive
 .text.FSUSER_CloseArchive
                0x0010c0d0       0x74 c:/devkitPro/libctru/lib\libctru.a(fs.o)
                0x0010c0d0                FSUSER_CloseArchive
 .text.FSUSER_GetSdmcArchiveResource
                0x0010c144       0x78 c:/devkitPro/libctru/lib\libctru.a(fs.o)
                0x0010c144                FSUSER_GetSdmcArchiveResource
 .text.FSUSER_IsSdmcWritable
                0x0010c1bc       0x64 c:/devkitPro/libctru/lib\libctru.a(fs.o)
                0x0010c1bc                FSUSER_IsSdmcWritable
 .text.FSFILE_Read
                0x0010c220       0x5c c:/devkitPro/libctru/lib\libctru.a(fs.o)
                0x0010c220                FSFILE_Read
 .text.FSFILE_Write
                0x0010c27c       0x64 c:/devkitPro/libctru/lib\libctru.a(fs.o)
                0x0010c27c                FSFILE_Write
 .text.FSFILE_GetSize
                0x0010c2e0       0x3c c:/devkitPro/libctru/lib\libctru.a(fs.o)
                0x0010c2e0                FSFILE_GetSize
 .text.FSFILE_SetSize
                0x0010c31c       0x2c c:/devkitPro/libctru/lib\libctru.a(fs.o)
                0x0010c31c                FSFILE_SetSize
 .text.FSFILE_Close
                0x0010c348       0x3c c:/devkitPro/libctru/lib\libctru.a(fs.o)
                0x0010c348                FSFILE_Close
 .text.FSFILE_Flush
                0x0010c384       0x24 c:/devkitPro/libctru/lib\libctru.a(fs.o)
                0x0010c384                FSFILE_Flush
 .text.FSDIR_Read
                0x0010c3a8       0x54 c:/devkitPro/libctru/lib\libctru.a(fs.o)
                0x0010c3a8                FSDIR_Read
 .text.FSDIR_Close
                0x0010c3fc       0x3c c:/devkitPro/libctru/lib\libctru.a(fs.o)
                0x0010c3fc                FSDIR_Close
 .text.rbtree_node_next
                0x0010c438       0x8c c:/devkitPro/libctru/lib\libctru.a(rbtree_iterator.o)
                0x0010c438                rbtree_node_next
 .text.decode_utf8
                0x0010c4c4      0x138 c:/devkitPro/libctru/lib\libctru.a(decode_utf8.o)
                0x0010c4c4                decode_utf8
 .text.utf16_to_utf8
                0x0010c5fc       0xe4 c:/devkitPro/libctru/lib\libctru.a(utf16_to_utf8.o)
                0x0010c5fc                utf16_to_utf8
 .text.utf8_to_utf16
                0x0010c6e0       0xbc c:/devkitPro/libctru/lib\libctru.a(utf8_to_utf16.o)
                0x0010c6e0                utf8_to_utf16
 .text.__aeabi_read_tp
                0x0010c79c        0xc c:/devkitPro/libctru/lib\libctru.a(readtp.o)
                0x0010c79c                __aeabi_read_tp
 .text.decode_utf16
                0x0010c7a8       0x60 c:/devkitPro/libctru/lib\libctru.a(decode_utf16.o)
                0x0010c7a8                decode_utf16
 .text.encode_utf16
                0x0010c808       0x68 c:/devkitPro/libctru/lib\libctru.a(encode_utf16.o)
                0x0010c808                encode_utf16
 .text.encode_utf8
                0x0010c870      0x104 c:/devkitPro/libctru/lib\libctru.a(encode_utf8.o)
                0x0010c870                encode_utf8
 .text.bsearch  0x0010c974       0x78 c:/devkitpro/devkitarm/bin/../lib/gcc/arm-none-eabi/5.3.0/../../../../arm-none-eabi/lib/armv6k/fpu\libg.a(lib_a-bsearch.o)
                0x0010c974                bsearch
 .text.__errno  0x0010c9ec        0xc c:/devkitpro/devkitarm/bin/../lib/gcc/arm-none-eabi/5.3.0/../../../../arm-none-eabi/lib/armv6k/fpu\libg.a(lib_a-errno.o)
                0x0010c9ec                __errno
 .text.exit     0x0010c9f8       0x34 c:/devkitpro/devkitarm/bin/../lib/gcc/arm-none-eabi/5.3.0/../../../../arm-none-eabi/lib/armv6k/fpu\libg.a(lib_a-exit.o)
                0x0010c9f8                exit
 .text.__libc_fini_array
                0x0010ca2c       0x3c c:/devkitpro/devkitarm/bin/../lib/gcc/arm-none-eabi/5.3.0/../../../../arm-none-eabi/lib/armv6k/fpu\libg.a(lib_a-fini.o)
                0x0010ca2c                __libc_fini_array
 .text.fprintf  0x0010ca68       0x3c c:/devkitpro/devkitarm/bin/../lib/gcc/arm-none-eabi/5.3.0/../../../../arm-none-eabi/lib/armv6k/fpu\libg.a(lib_a-fprintf.o)
                0x0010ca68                fprintf
 .text._fwrite_r
                0x0010caa4      0x118 c:/devkitpro/devkitarm/bin/../lib/gcc/arm-none-eabi/5.3.0/../../../../arm-none-eabi/lib/armv6k/fpu\libg.a(lib_a-fwrite.o)
                0x0010caa4                _fwrite_r
 .text.fwrite   0x0010cbbc       0x38 c:/devkitpro/devkitarm/bin/../lib/gcc/arm-none-eabi/5.3.0/../../../../arm-none-eabi/lib/armv6k/fpu\libg.a(lib_a-fwrite.o)
                0x0010cbbc                fwrite
 .text.__libc_init_array
                0x0010cbf4       0x78 c:/devkitpro/devkitarm/bin/../lib/gcc/arm-none-eabi/5.3.0/../../../../arm-none-eabi/lib/armv6k/fpu\libg.a(lib_a-init.o)
                0x0010cbf4                __libc_init_array
 .text.memalign
                0x0010cc6c       0x20 c:/devkitpro/devkitarm/bin/../lib/gcc/arm-none-eabi/5.3.0/../../../../arm-none-eabi/lib/armv6k/fpu\libg.a(lib_a-malign.o)
                0x0010cc6c                memalign
 .text._memalign_r
                0x0010cc8c      0x15c c:/devkitpro/devkitarm/bin/../lib/gcc/arm-none-eabi/5.3.0/../../../../arm-none-eabi/lib/armv6k/fpu\libg.a(lib_a-malignr.o)
                0x0010cc8c                _memalign_r
 .text.malloc   0x0010cde8       0x18 c:/devkitpro/devkitarm/bin/../lib/gcc/arm-none-eabi/5.3.0/../../../../arm-none-eabi/lib/armv6k/fpu\libg.a(lib_a-malloc.o)
                0x0010cde8                malloc
 .text.free     0x0010ce00       0x18 c:/devkitpro/devkitarm/bin/../lib/gcc/arm-none-eabi/5.3.0/../../../../arm-none-eabi/lib/armv6k/fpu\libg.a(lib_a-malloc.o)
                0x0010ce00                free
 .text._malloc_r
                0x0010ce18      0x7a8 c:/devkitpro/devkitarm/bin/../lib/gcc/arm-none-eabi/5.3.0/../../../../arm-none-eabi/lib/armv6k/fpu\libg.a(lib_a-mallocr.o)
                0x0010ce18                _malloc_r
 .text.memcpy   0x0010d5c0       0xf0 c:/devkitpro/devkitarm/bin/../lib/gcc/arm-none-eabi/5.3.0/../../../../arm-none-eabi/lib/armv6k/fpu\libg.a(lib_a-memcpy.o)
                0x0010d5c0                memcpy
 .text.memset   0x0010d6b0       0xf4 c:/devkitpro/devkitarm/bin/../lib/gcc/arm-none-eabi/5.3.0/../../../../arm-none-eabi/lib/armv6k/fpu\libg.a(lib_a-memset.o)
                0x0010d6b0                memset
 .text.__malloc_lock
                0x0010d7a4        0xc c:/devkitpro/devkitarm/bin/../lib/gcc/arm-none-eabi/5.3.0/../../../../arm-none-eabi/lib/armv6k/fpu\libg.a(lib_a-mlock.o)
                0x0010d7a4                __malloc_lock
 .text.__malloc_unlock
                0x0010d7b0        0xc c:/devkitpro/devkitarm/bin/../lib/gcc/arm-none-eabi/5.3.0/../../../../arm-none-eabi/lib/armv6k/fpu\libg.a(lib_a-mlock.o)
                0x0010d7b0                __malloc_unlock
 .text.printf   0x0010d7bc       0x38 c:/devkitpro/devkitarm/bin/../lib/gcc/arm-none-eabi/5.3.0/../../../../arm-none-eabi/lib/armv6k/fpu\libg.a(lib_a-printf.o)
                0x0010d7bc                printf
 .text.putchar  0x0010d7f4       0x1c c:/devkitpro/devkitarm/bin/../lib/gcc/arm-none-eabi/5.3.0/../../../../arm-none-eabi/lib/armv6k/fpu\libg.a(lib_a-putchar.o)
                0x0010d7f4                putchar
 .text._putc_r  0x0010d810       0xe8 c:/devkitpro/devkitarm/bin/../lib/gcc/arm-none-eabi/5.3.0/../../../../arm-none-eabi/lib/armv6k/fpu\libg.a(lib_a-putc.o)
                0x0010d810                _putc_r
 .text._puts_r  0x0010d8f8       0xec c:/devkitpro/devkitarm/bin/../lib/gcc/arm-none-eabi/5.3.0/../../../../arm-none-eabi/lib/armv6k/fpu\libg.a(lib_a-puts.o)
                0x0010d8f8                _puts_r
 .text.puts     0x0010d9e4       0x18 c:/devkitpro/devkitarm/bin/../lib/gcc/arm-none-eabi/5.3.0/../../../../arm-none-eabi/lib/armv6k/fpu\libg.a(lib_a-puts.o)
                0x0010d9e4                puts
 .text.setvbuf  0x0010d9fc      0x1fc c:/devkitpro/devkitarm/bin/../lib/gcc/arm-none-eabi/5.3.0/../../../../arm-none-eabi/lib/armv6k/fpu\libg.a(lib_a-setvbuf.o)
                0x0010d9fc                setvbuf
 .text.sscanf   0x0010dbf8       0x74 c:/devkitpro/devkitarm/bin/../lib/gcc/arm-none-eabi/5.3.0/../../../../arm-none-eabi/lib/armv6k/fpu\libg.a(lib_a-sscanf.o)
                0x0010dbf8                sscanf
 .text.__sread  0x0010dc6c       0x30 c:/devkitpro/devkitarm/bin/../lib/gcc/arm-none-eabi/5.3.0/../../../../arm-none-eabi/lib/armv6k/fpu\libg.a(lib_a-stdio.o)
                0x0010dc6c                __sread
 .text.__seofread
                0x0010dc9c        0x8 c:/devkitpro/devkitarm/bin/../lib/gcc/arm-none-eabi/5.3.0/../../../../arm-none-eabi/lib/armv6k/fpu\libg.a(lib_a-stdio.o)
                0x0010dc9c                __seofread
 .text.__swrite
                0x0010dca4       0x54 c:/devkitpro/devkitarm/bin/../lib/gcc/arm-none-eabi/5.3.0/../../../../arm-none-eabi/lib/armv6k/fpu\libg.a(lib_a-stdio.o)
                0x0010dca4                __swrite
 .text.__sseek  0x0010dcf8       0x2c c:/devkitpro/devkitarm/bin/../lib/gcc/arm-none-eabi/5.3.0/../../../../arm-none-eabi/lib/armv6k/fpu\libg.a(lib_a-stdio.o)
                0x0010dcf8                __sseek
 .text.__sclose
                0x0010dd24        0x8 c:/devkitpro/devkitarm/bin/../lib/gcc/arm-none-eabi/5.3.0/../../../../arm-none-eabi/lib/armv6k/fpu\libg.a(lib_a-stdio.o)
                0x0010dd24                __sclose
 .text.strchr   0x0010dd2c      0x15c c:/devkitpro/devkitarm/bin/../lib/gcc/arm-none-eabi/5.3.0/../../../../arm-none-eabi/lib/armv6k/fpu\libg.a(lib_a-strchr.o)
                0x0010dd2c                strchr
 .text.strlen   0x0010de88       0x5c c:/devkitpro/devkitarm/bin/../lib/gcc/arm-none-eabi/5.3.0/../../../../arm-none-eabi/lib/armv6k/fpu\libg.a(lib_a-strlen.o)
                0x0010de88                strlen
 .text.strncat  0x0010dee4       0xa4 c:/devkitpro/devkitarm/bin/../lib/gcc/arm-none-eabi/5.3.0/../../../../arm-none-eabi/lib/armv6k/fpu\libg.a(lib_a-strncat.o)
                0x0010dee4                strncat
 .text.strncpy  0x0010df88       0xe0 c:/devkitpro/devkitarm/bin/../lib/gcc/arm-none-eabi/5.3.0/../../../../arm-none-eabi/lib/armv6k/fpu\libg.a(lib_a-strncpy.o)
                0x0010df88                strncpy
 .text.__ssvfscanf_r
                0x0010e068     0x2c20 c:/devkitpro/devkitarm/bin/../lib/gcc/arm-none-eabi/5.3.0/../../../../arm-none-eabi/lib/armv6k/fpu\libg.a(lib_a-svfscanf.o)
                0x0010e068                __ssvfscanf_r
 .text.__sprint_r.part.0
                0x00110c88       0xa4 c:/devkitpro/devkitarm/bin/../lib/gcc/arm-none-eabi/5.3.0/../../../../arm-none-eabi/lib/armv6k/fpu\libg.a(lib_a-vfiprintf.o)
 .text.__sprint_r
                0x00110d2c       0x1c c:/devkitpro/devkitarm/bin/../lib/gcc/arm-none-eabi/5.3.0/../../../../arm-none-eabi/lib/armv6k/fpu\libg.a(lib_a-vfiprintf.o)
                0x00110d2c                __sprint_r
 .text.get_arg  0x00110d48     0x161c c:/devkitpro/devkitarm/bin/../lib/gcc/arm-none-eabi/5.3.0/../../../../arm-none-eabi/lib/armv6k/fpu\libg.a(lib_a-vfprintf.o)
 *fill*         0x00112364        0x4 
 .text._vfprintf_r
                0x00112368     0x4878 c:/devkitpro/devkitarm/bin/../lib/gcc/arm-none-eabi/5.3.0/../../../../arm-none-eabi/lib/armv6k/fpu\libg.a(lib_a-vfprintf.o)
                0x00112368                _vfprintf_r
 .text.__sbprintf
                0x00116be0       0xcc c:/devkitpro/devkitarm/bin/../lib/gcc/arm-none-eabi/5.3.0/../../../../arm-none-eabi/lib/armv6k/fpu\libg.a(lib_a-vfprintf.o)
 .text.__swbuf_r
                0x00116cac      0x124 c:/devkitpro/devkitarm/bin/../lib/gcc/arm-none-eabi/5.3.0/../../../../arm-none-eabi/lib/armv6k/fpu\libg.a(lib_a-wbuf.o)
                0x00116cac                __swbuf_r
 .text._wcrtomb_r
                0x00116dd0       0x8c c:/devkitpro/devkitarm/bin/../lib/gcc/arm-none-eabi/5.3.0/../../../../arm-none-eabi/lib/armv6k/fpu\libg.a(lib_a-wcrtomb.o)
                0x00116dd0                _wcrtomb_r
 .text._wcsrtombs_r
                0x00116e5c       0x20 c:/devkitpro/devkitarm/bin/../lib/gcc/arm-none-eabi/5.3.0/../../../../arm-none-eabi/lib/armv6k/fpu\libg.a(lib_a-wcsrtombs.o)
                0x00116e5c                _wcsrtombs_r
 .text.__utf8_wctomb
                0x00116e7c      0x114 c:/devkitpro/devkitarm/bin/../lib/gcc/arm-none-eabi/5.3.0/../../../../arm-none-eabi/lib/armv6k/fpu\libg.a(lib_a-wctomb_r.o)
                0x00116e7c                __utf8_wctomb
 .text.__swsetup_r
                0x00116f90      0x148 c:/devkitpro/devkitarm/bin/../lib/gcc/arm-none-eabi/5.3.0/../../../../arm-none-eabi/lib/armv6k/fpu\libg.a(lib_a-wsetup.o)
                0x00116f90                __swsetup_r
 .text.__call_exitprocs
                0x001170d8      0x174 c:/devkitpro/devkitarm/bin/../lib/gcc/arm-none-eabi/5.3.0/../../../../arm-none-eabi/lib/armv6k/fpu\libg.a(lib_a-__call_atexit.o)
                0x001170d8                __call_exitprocs
 .text.quorem   0x0011724c      0x1bc c:/devkitpro/devkitarm/bin/../lib/gcc/arm-none-eabi/5.3.0/../../../../arm-none-eabi/lib/armv6k/fpu\libg.a(lib_a-dtoa.o)
 .text._dtoa_r  0x00117408     0x12c8 c:/devkitpro/devkitarm/bin/../lib/gcc/arm-none-eabi/5.3.0/../../../../arm-none-eabi/lib/armv6k/fpu\libg.a(lib_a-dtoa.o)
                0x00117408                _dtoa_r
 .text.__sflush_r
                0x001186d0      0x230 c:/devkitpro/devkitarm/bin/../lib/gcc/arm-none-eabi/5.3.0/../../../../arm-none-eabi/lib/armv6k/fpu\libg.a(lib_a-fflush.o)
                0x001186d0                __sflush_r
 .text._fflush_r
                0x00118900       0x90 c:/devkitpro/devkitarm/bin/../lib/gcc/arm-none-eabi/5.3.0/../../../../arm-none-eabi/lib/armv6k/fpu\libg.a(lib_a-fflush.o)
                0x00118900                _fflush_r
 .text._cleanup_r
                0x00118990        0xc c:/devkitpro/devkitarm/bin/../lib/gcc/arm-none-eabi/5.3.0/../../../../arm-none-eabi/lib/armv6k/fpu\libg.a(lib_a-findfp.o)
                0x00118990                _cleanup_r
 .text.std.isra.0
                0x0011899c       0x80 c:/devkitpro/devkitarm/bin/../lib/gcc/arm-none-eabi/5.3.0/../../../../arm-none-eabi/lib/armv6k/fpu\libg.a(lib_a-findfp.o)
 .text.__sinit  0x00118a1c       0x8c c:/devkitpro/devkitarm/bin/../lib/gcc/arm-none-eabi/5.3.0/../../../../arm-none-eabi/lib/armv6k/fpu\libg.a(lib_a-findfp.o)
                0x00118a1c                __sinit
 .text.__sfp_lock_acquire
                0x00118aa8        0xc c:/devkitpro/devkitarm/bin/../lib/gcc/arm-none-eabi/5.3.0/../../../../arm-none-eabi/lib/armv6k/fpu\libg.a(lib_a-findfp.o)
                0x00118aa8                __sfp_lock_acquire
 .text.__sfp_lock_release
                0x00118ab4        0xc c:/devkitpro/devkitarm/bin/../lib/gcc/arm-none-eabi/5.3.0/../../../../arm-none-eabi/lib/armv6k/fpu\libg.a(lib_a-findfp.o)
                0x00118ab4                __sfp_lock_release
 .text.__fputwc
                0x00118ac0      0x124 c:/devkitpro/devkitarm/bin/../lib/gcc/arm-none-eabi/5.3.0/../../../../arm-none-eabi/lib/armv6k/fpu\libg.a(lib_a-fputwc.o)
                0x00118ac0                __fputwc
 .text._fputwc_r
                0x00118be4       0xa8 c:/devkitpro/devkitarm/bin/../lib/gcc/arm-none-eabi/5.3.0/../../../../arm-none-eabi/lib/armv6k/fpu\libg.a(lib_a-fputwc.o)
                0x00118be4                _fputwc_r
 .text._malloc_trim_r
                0x00118c8c       0xf8 c:/devkitpro/devkitarm/bin/../lib/gcc/arm-none-eabi/5.3.0/../../../../arm-none-eabi/lib/armv6k/fpu\libg.a(lib_a-freer.o)
                0x00118c8c                _malloc_trim_r
 .text._free_r  0x00118d84      0x2e4 c:/devkitpro/devkitarm/bin/../lib/gcc/arm-none-eabi/5.3.0/../../../../arm-none-eabi/lib/armv6k/fpu\libg.a(lib_a-freer.o)
                0x00118d84                _free_r
 .text.__sfvwrite_r
                0x00119068      0x4a4 c:/devkitpro/devkitarm/bin/../lib/gcc/arm-none-eabi/5.3.0/../../../../arm-none-eabi/lib/armv6k/fpu\libg.a(lib_a-fvwrite.o)
                0x00119068                __sfvwrite_r
 .text._fwalk_reent
                0x0011950c       0x80 c:/devkitpro/devkitarm/bin/../lib/gcc/arm-none-eabi/5.3.0/../../../../arm-none-eabi/lib/armv6k/fpu\libg.a(lib_a-fwalk.o)
                0x0011950c                _fwalk_reent
 .text.iswspace
                0x0011958c       0x74 c:/devkitpro/devkitarm/bin/../lib/gcc/arm-none-eabi/5.3.0/../../../../arm-none-eabi/lib/armv6k/fpu\libg.a(lib_a-iswspace.o)
                0x0011958c                iswspace
 .text.__jp2uc  0x00119600      0x204 c:/devkitpro/devkitarm/bin/../lib/gcc/arm-none-eabi/5.3.0/../../../../arm-none-eabi/lib/armv6k/fpu\libg.a(lib_a-jp2uc.o)
 .text._jp2uc   0x00119804       0x84 c:/devkitpro/devkitarm/bin/../lib/gcc/arm-none-eabi/5.3.0/../../../../arm-none-eabi/lib/armv6k/fpu\libg.a(lib_a-jp2uc.o)
                0x00119804                _jp2uc
 .text.__locale_charset
                0x00119888        0xc c:/devkitpro/devkitarm/bin/../lib/gcc/arm-none-eabi/5.3.0/../../../../arm-none-eabi/lib/armv6k/fpu\libg.a(lib_a-locale.o)
                0x00119888                __locale_charset
 .text.__locale_mb_cur_max
                0x00119894       0x10 c:/devkitpro/devkitarm/bin/../lib/gcc/arm-none-eabi/5.3.0/../../../../arm-none-eabi/lib/armv6k/fpu\libg.a(lib_a-locale.o)
                0x00119894                __locale_mb_cur_max
 .text._localeconv_r
                0x001198a4        0xc c:/devkitpro/devkitarm/bin/../lib/gcc/arm-none-eabi/5.3.0/../../../../arm-none-eabi/lib/armv6k/fpu\libg.a(lib_a-locale.o)
                0x001198a4                _localeconv_r
 .text.__smakebuf_r
                0x001198b0      0x160 c:/devkitpro/devkitarm/bin/../lib/gcc/arm-none-eabi/5.3.0/../../../../arm-none-eabi/lib/armv6k/fpu\libg.a(lib_a-makebuf.o)
                0x001198b0                __smakebuf_r
 .text._mbrtowc_r
                0x00119a10       0x98 c:/devkitpro/devkitarm/bin/../lib/gcc/arm-none-eabi/5.3.0/../../../../arm-none-eabi/lib/armv6k/fpu\libg.a(lib_a-mbrtowc.o)
                0x00119a10                _mbrtowc_r
 .text.__utf8_mbtowc
                0x00119aa8      0x2fc c:/devkitpro/devkitarm/bin/../lib/gcc/arm-none-eabi/5.3.0/../../../../arm-none-eabi/lib/armv6k/fpu\libg.a(lib_a-mbtowc_r.o)
                0x00119aa8                __utf8_mbtowc
 .text.memchr   0x00119da4      0x100 c:/devkitpro/devkitarm/bin/../lib/gcc/arm-none-eabi/5.3.0/../../../../arm-none-eabi/lib/armv6k/fpu\libg.a(lib_a-memchr.o)
                0x00119da4                memchr
 .text.memmove  0x00119ea4      0x128 c:/devkitpro/devkitarm/bin/../lib/gcc/arm-none-eabi/5.3.0/../../../../arm-none-eabi/lib/armv6k/fpu\libg.a(lib_a-memmove.o)
                0x00119ea4                memmove
 .text._Balloc  0x00119fcc       0x8c c:/devkitpro/devkitarm/bin/../lib/gcc/arm-none-eabi/5.3.0/../../../../arm-none-eabi/lib/armv6k/fpu\libg.a(lib_a-mprec.o)
                0x00119fcc                _Balloc
 .text._Bfree   0x0011a058       0x1c c:/devkitpro/devkitarm/bin/../lib/gcc/arm-none-eabi/5.3.0/../../../../arm-none-eabi/lib/armv6k/fpu\libg.a(lib_a-mprec.o)
                0x0011a058                _Bfree
 .text.__multadd
                0x0011a074       0xd0 c:/devkitpro/devkitarm/bin/../lib/gcc/arm-none-eabi/5.3.0/../../../../arm-none-eabi/lib/armv6k/fpu\libg.a(lib_a-mprec.o)
                0x0011a074                __multadd
 .text.__s2b    0x0011a144       0xe4 c:/devkitpro/devkitarm/bin/../lib/gcc/arm-none-eabi/5.3.0/../../../../arm-none-eabi/lib/armv6k/fpu\libg.a(lib_a-mprec.o)
                0x0011a144                __s2b
 .text.__hi0bits
                0x0011a228       0x5c c:/devkitpro/devkitarm/bin/../lib/gcc/arm-none-eabi/5.3.0/../../../../arm-none-eabi/lib/armv6k/fpu\libg.a(lib_a-mprec.o)
                0x0011a228                __hi0bits
 .text.__lo0bits
                0x0011a284       0x98 c:/devkitpro/devkitarm/bin/../lib/gcc/arm-none-eabi/5.3.0/../../../../arm-none-eabi/lib/armv6k/fpu\libg.a(lib_a-mprec.o)
                0x0011a284                __lo0bits
 .text.__i2b    0x0011a31c       0x20 c:/devkitpro/devkitarm/bin/../lib/gcc/arm-none-eabi/5.3.0/../../../../arm-none-eabi/lib/armv6k/fpu\libg.a(lib_a-mprec.o)
                0x0011a31c                __i2b
 .text.__multiply
                0x0011a33c      0x1dc c:/devkitpro/devkitarm/bin/../lib/gcc/arm-none-eabi/5.3.0/../../../../arm-none-eabi/lib/armv6k/fpu\libg.a(lib_a-mprec.o)
                0x0011a33c                __multiply
 .text.__pow5mult
                0x0011a518      0x100 c:/devkitpro/devkitarm/bin/../lib/gcc/arm-none-eabi/5.3.0/../../../../arm-none-eabi/lib/armv6k/fpu\libg.a(lib_a-mprec.o)
                0x0011a518                __pow5mult
 .text.__lshift
                0x0011a618       0xf0 c:/devkitpro/devkitarm/bin/../lib/gcc/arm-none-eabi/5.3.0/../../../../arm-none-eabi/lib/armv6k/fpu\libg.a(lib_a-mprec.o)
                0x0011a618                __lshift
 .text.__mcmp   0x0011a708       0x64 c:/devkitpro/devkitarm/bin/../lib/gcc/arm-none-eabi/5.3.0/../../../../arm-none-eabi/lib/armv6k/fpu\libg.a(lib_a-mprec.o)
                0x0011a708                __mcmp
 .text.__mdiff  0x0011a76c      0x198 c:/devkitpro/devkitarm/bin/../lib/gcc/arm-none-eabi/5.3.0/../../../../arm-none-eabi/lib/armv6k/fpu\libg.a(lib_a-mprec.o)
                0x0011a76c                __mdiff
 .text.__ulp    0x0011a904       0x78 c:/devkitpro/devkitarm/bin/../lib/gcc/arm-none-eabi/5.3.0/../../../../arm-none-eabi/lib/armv6k/fpu\libg.a(lib_a-mprec.o)
                0x0011a904                __ulp
 .text.__b2d    0x0011a97c       0xd4 c:/devkitpro/devkitarm/bin/../lib/gcc/arm-none-eabi/5.3.0/../../../../arm-none-eabi/lib/armv6k/fpu\libg.a(lib_a-mprec.o)
                0x0011a97c                __b2d
 .text.__d2b    0x0011aa50      0x104 c:/devkitpro/devkitarm/bin/../lib/gcc/arm-none-eabi/5.3.0/../../../../arm-none-eabi/lib/armv6k/fpu\libg.a(lib_a-mprec.o)
                0x0011aa50                __d2b
 .text.__ratio  0x0011ab54       0x78 c:/devkitpro/devkitarm/bin/../lib/gcc/arm-none-eabi/5.3.0/../../../../arm-none-eabi/lib/armv6k/fpu\libg.a(lib_a-mprec.o)
                0x0011ab54                __ratio
 .text.__copybits
                0x0011abcc       0x6c c:/devkitpro/devkitarm/bin/../lib/gcc/arm-none-eabi/5.3.0/../../../../arm-none-eabi/lib/armv6k/fpu\libg.a(lib_a-mprec.o)
                0x0011abcc                __copybits
 .text.__any_on
                0x0011ac38       0x80 c:/devkitpro/devkitarm/bin/../lib/gcc/arm-none-eabi/5.3.0/../../../../arm-none-eabi/lib/armv6k/fpu\libg.a(lib_a-mprec.o)
                0x0011ac38                __any_on
 .text._realloc_r
                0x0011acb8      0x4c0 c:/devkitpro/devkitarm/bin/../lib/gcc/arm-none-eabi/5.3.0/../../../../arm-none-eabi/lib/armv6k/fpu\libg.a(lib_a-reallocr.o)
                0x0011acb8                _realloc_r
 .text.__sccl   0x0011b178       0xd0 c:/devkitpro/devkitarm/bin/../lib/gcc/arm-none-eabi/5.3.0/../../../../arm-none-eabi/lib/armv6k/fpu\libg.a(lib_a-sccl.o)
                0x0011b178                __sccl
 .text.nanf     0x0011b248        0xc c:/devkitpro/devkitarm/bin/../lib/gcc/arm-none-eabi/5.3.0/../../../../arm-none-eabi/lib/armv6k/fpu\libg.a(lib_a-sf_nan.o)
                0x0011b248                nanf
 *fill*         0x0011b254        0x4 
 .text.frexp    0x0011b258       0x98 c:/devkitpro/devkitarm/bin/../lib/gcc/arm-none-eabi/5.3.0/../../../../arm-none-eabi/lib/armv6k/fpu\libg.a(lib_a-s_frexp.o)
                0x0011b258                frexp
 .text.sprintf  0x0011b2f0       0x68 c:/devkitpro/devkitarm/bin/../lib/gcc/arm-none-eabi/5.3.0/../../../../arm-none-eabi/lib/armv6k/fpu\libg.a(lib_a-sprintf.o)
                0x0011b2f0                sprintf
 .text.stpncpy  0x0011b358      0x108 c:/devkitpro/devkitarm/bin/../lib/gcc/arm-none-eabi/5.3.0/../../../../arm-none-eabi/lib/armv6k/fpu\libg.a(lib_a-stpncpy.o)
                0x0011b358                stpncpy
 .text.strncmp  0x0011b460      0x11c c:/devkitpro/devkitarm/bin/../lib/gcc/arm-none-eabi/5.3.0/../../../../arm-none-eabi/lib/armv6k/fpu\libg.a(lib_a-strncmp.o)
                0x0011b460                strncmp
 .text.unlikely.sulp
                0x0011b57c       0x58 c:/devkitpro/devkitarm/bin/../lib/gcc/arm-none-eabi/5.3.0/../../../../arm-none-eabi/lib/armv6k/fpu\libg.a(lib_a-strtod.o)
 *fill*         0x0011b5d4        0x4 
 .text._strtod_r
                0x0011b5d8     0x1450 c:/devkitpro/devkitarm/bin/../lib/gcc/arm-none-eabi/5.3.0/../../../../arm-none-eabi/lib/armv6k/fpu\libg.a(lib_a-strtod.o)
                0x0011b5d8                _strtod_r
 .text._strtoll_r
                0x0011ca28      0x25c c:/devkitpro/devkitarm/bin/../lib/gcc/arm-none-eabi/5.3.0/../../../../arm-none-eabi/lib/armv6k/fpu\libg.a(lib_a-strtoll_r.o)
                0x0011ca28                _strtoll_r
 .text._strtol_r
                0x0011cc84      0x1d4 c:/devkitpro/devkitarm/bin/../lib/gcc/arm-none-eabi/5.3.0/../../../../arm-none-eabi/lib/armv6k/fpu\libg.a(lib_a-strtol.o)
                0x0011cc84                _strtol_r
 .text._strtoull_r
                0x0011ce58      0x268 c:/devkitpro/devkitarm/bin/../lib/gcc/arm-none-eabi/5.3.0/../../../../arm-none-eabi/lib/armv6k/fpu\libg.a(lib_a-strtoull_r.o)
                0x0011ce58                _strtoull_r
 .text._strtoul_r
                0x0011d0c0      0x1d4 c:/devkitpro/devkitarm/bin/../lib/gcc/arm-none-eabi/5.3.0/../../../../arm-none-eabi/lib/armv6k/fpu\libg.a(lib_a-strtoul.o)
                0x0011d0c0                _strtoul_r
 .text.__ssprint_r
                0x0011d294      0x1a8 c:/devkitpro/devkitarm/bin/../lib/gcc/arm-none-eabi/5.3.0/../../../../arm-none-eabi/lib/armv6k/fpu\libg.a(lib_a-svfiprintf.o)
                0x0011d294                __ssprint_r
 .text._sungetc_r
                0x0011d43c       0xf8 c:/devkitpro/devkitarm/bin/../lib/gcc/arm-none-eabi/5.3.0/../../../../arm-none-eabi/lib/armv6k/fpu\libg.a(lib_a-svfiscanf.o)
                0x0011d43c                _sungetc_r
 .text.__ssrefill_r
                0x0011d534       0x6c c:/devkitpro/devkitarm/bin/../lib/gcc/arm-none-eabi/5.3.0/../../../../arm-none-eabi/lib/armv6k/fpu\libg.a(lib_a-svfiscanf.o)
                0x0011d534                __ssrefill_r
 .text._sfread_r
                0x0011d5a0       0xc8 c:/devkitpro/devkitarm/bin/../lib/gcc/arm-none-eabi/5.3.0/../../../../arm-none-eabi/lib/armv6k/fpu\libg.a(lib_a-svfiscanf.o)
                0x0011d5a0                _sfread_r
 .text.get_arg  0x0011d668     0x161c c:/devkitpro/devkitarm/bin/../lib/gcc/arm-none-eabi/5.3.0/../../../../arm-none-eabi/lib/armv6k/fpu\libg.a(lib_a-svfprintf.o)
 *fill*         0x0011ec84        0x4 
 .text._svfprintf_r
                0x0011ec88     0x4a00 c:/devkitpro/devkitarm/bin/../lib/gcc/arm-none-eabi/5.3.0/../../../../arm-none-eabi/lib/armv6k/fpu\libg.a(lib_a-svfprintf.o)
                0x0011ec88                _svfprintf_r
 .text.__submore
                0x00123688       0xa8 c:/devkitpro/devkitarm/bin/../lib/gcc/arm-none-eabi/5.3.0/../../../../arm-none-eabi/lib/armv6k/fpu\libg.a(lib_a-ungetc.o)
                0x00123688                __submore
 .text._wcsnrtombs_r
                0x00123730      0x190 c:/devkitpro/devkitarm/bin/../lib/gcc/arm-none-eabi/5.3.0/../../../../arm-none-eabi/lib/armv6k/fpu\libg.a(lib_a-wcsnrtombs.o)
                0x00123730                _wcsnrtombs_r
 .text._calloc_r
                0x001238c0       0x90 c:/devkitpro/devkitarm/bin/../lib/gcc/arm-none-eabi/5.3.0/../../../../arm-none-eabi/lib/armv6k/fpu\libg.a(lib_a-callocr.o)
                0x001238c0                _calloc_r
 .text._fclose_r
                0x00123950      0x120 c:/devkitpro/devkitarm/bin/../lib/gcc/arm-none-eabi/5.3.0/../../../../arm-none-eabi/lib/armv6k/fpu\libg.a(lib_a-fclose.o)
                0x00123950                _fclose_r
 .text.rshift   0x00123a70       0xec c:/devkitpro/devkitarm/bin/../lib/gcc/arm-none-eabi/5.3.0/../../../../arm-none-eabi/lib/armv6k/fpu\libg.a(lib_a-gdtoa-gethex.o)
 .text.__gethex
                0x00123b5c      0x7d0 c:/devkitpro/devkitarm/bin/../lib/gcc/arm-none-eabi/5.3.0/../../../../arm-none-eabi/lib/armv6k/fpu\libg.a(lib_a-gdtoa-gethex.o)
                0x00123b5c                __gethex
 .text.__hexnan
                0x0012432c      0x258 c:/devkitpro/devkitarm/bin/../lib/gcc/arm-none-eabi/5.3.0/../../../../arm-none-eabi/lib/armv6k/fpu\libg.a(lib_a-gdtoa-hexnan.o)
                0x0012432c                __hexnan
 .text.strnlen  0x00124584       0x5c c:/devkitpro/devkitarm/bin/../lib/gcc/arm-none-eabi/5.3.0/../../../../arm-none-eabi/lib/armv6k/fpu\libg.a(lib_a-strnlen.o)
                0x00124584                strnlen
 .text.strrchr  0x001245e0       0x44 c:/devkitpro/devkitarm/bin/../lib/gcc/arm-none-eabi/5.3.0/../../../../arm-none-eabi/lib/armv6k/fpu\libg.a(lib_a-strrchr.o)
                0x001245e0                strrchr
 *(.glue_7)
 .glue_7        0x00124624        0x0 linker stubs
 *(.glue_7t)
 .glue_7t       0x00124624        0x0 linker stubs
 *(.stub)
 *(.gnu.warning)
 *(.gnu.linkonce.t*)
                0x00124624                . = ALIGN (0x4)
 *(.fini)
 .fini          0x00124624        0xc c:/devkitpro/devkitarm/bin/../lib/gcc/arm-none-eabi/5.3.0/armv6k/fpu/crti.o
                0x00124624                _fini
 .fini          0x00124630        0xc c:/devkitpro/devkitarm/bin/../lib/gcc/arm-none-eabi/5.3.0/armv6k/fpu/crtn.o
                0x0012463c                . = ALIGN (0x4)

.vfp11_veneer   0x0012463c        0x0
 .vfp11_veneer  0x0012463c        0x0 linker stubs

.v4_bx          0x0012463c        0x0
 .v4_bx         0x0012463c        0x0 linker stubs

.iplt           0x0012463c        0x0
 .iplt          0x0012463c        0x0 c:/devkitpro/devkitarm/bin/../lib/gcc/arm-none-eabi/5.3.0/../../../../arm-none-eabi/lib/armv6k/fpu/3dsx_crt0.o

.rodata         0x00125000     0x4ab8
 *(.rodata)
 .rodata        0x00125000       0x30 main.o
 .rodata        0x00125030      0x168 c:/devkitPro/libctru/lib\libctru.a(console.o)
 .rodata        0x00125198       0x1c c:/devkitPro/libctru/lib\libctru.a(gfx.o)
 .rodata        0x001251b4        0xc c:/devkitPro/libctru/lib\libctru.a(apt.o)
 .rodata        0x001251c0      0x804 c:/devkitPro/libctru/lib\libctru.a(default_font.bin.o)
                0x001251c0                default_font_bin
                0x001259c0                default_font_bin_size
                0x001259c0                default_font_bin_end
 .rodata        0x001259c4       0x3c c:/devkitPro/libctru/lib\libctru.a(sdmc_dev.o)
 .rodata        0x00125a00       0x68 c:/devkitpro/devkitarm/bin/../lib/gcc/arm-none-eabi/5.3.0/../../../../arm-none-eabi/lib/armv6k/fpu\libsysbase.a(iosupport.o)
                0x00125a00                dotab_stdnull
 .rodata        0x00125a68        0xc c:/devkitpro/devkitarm/bin/../lib/gcc/arm-none-eabi/5.3.0/../../../../arm-none-eabi/lib/armv6k/fpu\libsysbase.a(chdir.o)
                0x00125a68                DIRECTORY_PARENT
                0x00125a6c                DIRECTORY_THIS
                0x00125a70                DIRECTORY_SEPARATOR
 *(.roda)
 *(.rodata.*)
 .rodata.str1.4
                0x00125a74       0x40 libfft.o
 .rodata.str1.4
                0x00125ab4      0x12e main.o
                                0x138 (size before relaxing)
 *fill*         0x00125be2        0x2 
 .rodata.str1.4
                0x00125be4        0x4 c:/devkitpro/devkitarm/bin/../lib/gcc/arm-none-eabi/5.3.0/../../../../arm-none-eabi/lib/armv6k/fpu\libm.a(lib_a-w_log.o)
                                  0x8 (size before relaxing)
 .rodata.str1.4
                0x00125be8        0x4 c:/devkitpro/devkitarm/bin/../lib/gcc/arm-none-eabi/5.3.0/../../../../arm-none-eabi/lib/armv6k/fpu\libm.a(lib_a-w_pow.o)
 .rodata.str1.4
                0x00125bec        0x4 c:/devkitpro/devkitarm/bin/../lib/gcc/arm-none-eabi/5.3.0/../../../../arm-none-eabi/lib/armv6k/fpu\libm.a(lib_a-e_pow.o)
 .rodata.npio2_hw
                0x00125bec       0x80 c:/devkitpro/devkitarm/bin/../lib/gcc/arm-none-eabi/5.3.0/../../../../arm-none-eabi/lib/armv6k/fpu\libm.a(lib_a-e_rem_pio2.o)
 .rodata.two_over_pi
                0x00125c6c      0x108 c:/devkitpro/devkitarm/bin/../lib/gcc/arm-none-eabi/5.3.0/../../../../arm-none-eabi/lib/armv6k/fpu\libm.a(lib_a-e_rem_pio2.o)
 .rodata.init_jk
                0x00125d74       0x10 c:/devkitpro/devkitarm/bin/../lib/gcc/arm-none-eabi/5.3.0/../../../../arm-none-eabi/lib/armv6k/fpu\libm.a(lib_a-k_rem_pio2.o)
 *fill*         0x00125d84        0x4 
 .rodata.PIo2   0x00125d88       0x40 c:/devkitpro/devkitarm/bin/../lib/gcc/arm-none-eabi/5.3.0/../../../../arm-none-eabi/lib/armv6k/fpu\libm.a(lib_a-k_rem_pio2.o)
 .rodata.TWO52  0x00125dc8       0x10 c:/devkitpro/devkitarm/bin/../lib/gcc/arm-none-eabi/5.3.0/../../../../arm-none-eabi/lib/armv6k/fpu\libm.a(lib_a-s_rint.o)
 .rodata.str1.4
                0x00125dd8       0x68 c:/devkitPro/libctru/lib\libctru.a(console.o)
                                 0x70 (size before relaxing)
 .rodata.str1.4
                0x00125e40       0x16 c:/devkitPro/libctru/lib\libctru.a(apt.o)
                                 0x18 (size before relaxing)
 *fill*         0x00125e56        0x2 
 .rodata.str1.4
                0x00125e58        0x9 c:/devkitPro/libctru/lib\libctru.a(gspgpu.o)
                                  0xc (size before relaxing)
 *fill*         0x00125e61        0x3 
 .rodata.str1.4
                0x00125e64       0x15 c:/devkitPro/libctru/lib\libctru.a(hid.o)
                                 0x18 (size before relaxing)
 *fill*         0x00125e79        0x3 
 .rodata.str1.4
                0x00125e7c        0x7 c:/devkitPro/libctru/lib\libctru.a(irrst.o)
                                  0x8 (size before relaxing)
 *fill*         0x00125e83        0x1 
 .rodata.str1.4
                0x00125e84        0x6 c:/devkitPro/libctru/lib\libctru.a(mic.o)
                                  0x8 (size before relaxing)
 *fill*         0x00125e8a        0x2 
 .rodata.str1.4
                0x00125e8c        0x5 c:/devkitPro/libctru/lib\libctru.a(srv.o)
                                  0x8 (size before relaxing)
 .rodata.str1.4
                0x00125e91        0x4 c:/devkitPro/libctru/lib\libctru.a(thread.o)
 *fill*         0x00125e91        0x3 
 .rodata.str1.4
                0x00125e94        0x9 c:/devkitPro/libctru/lib\libctru.a(ptmsysm.o)
                                  0xc (size before relaxing)
 *fill*         0x00125e9d        0x3 
 .rodata.str1.4
                0x00125ea0        0xd c:/devkitPro/libctru/lib\libctru.a(sdmc_dev.o)
                                 0x14 (size before relaxing)
 *fill*         0x00125ead        0x3 
 .rodata.str1.4
                0x00125eb0        0x8 c:/devkitPro/libctru/lib\libctru.a(fs.o)
                                  0xc (size before relaxing)
 .rodata.str1.4
                0x00125eb8        0x4 c:/devkitpro/devkitarm/bin/../lib/gcc/arm-none-eabi/5.3.0/../../../../arm-none-eabi/lib/armv6k/fpu\libg.a(lib_a-impure.o)
 .rodata._global_impure_ptr
                0x00125eb8        0x4 c:/devkitpro/devkitarm/bin/../lib/gcc/arm-none-eabi/5.3.0/../../../../arm-none-eabi/lib/armv6k/fpu\libg.a(lib_a-impure.o)
                0x00125eb8                _global_impure_ptr
 .rodata.str1.4
                0x00125ebc        0x4 c:/devkitpro/devkitarm/bin/../lib/gcc/arm-none-eabi/5.3.0/../../../../arm-none-eabi/lib/armv6k/fpu\libg.a(lib_a-puts.o)
 .rodata.basefix.7044
                0x00125ebc       0x24 c:/devkitpro/devkitarm/bin/../lib/gcc/arm-none-eabi/5.3.0/../../../../arm-none-eabi/lib/armv6k/fpu\libg.a(lib_a-svfscanf.o)
 .rodata.str1.4
                0x00125ee0        0x5 c:/devkitpro/devkitarm/bin/../lib/gcc/arm-none-eabi/5.3.0/../../../../arm-none-eabi/lib/armv6k/fpu\libg.a(lib_a-svfscanf.o)
                                  0x8 (size before relaxing)
 *fill*         0x00125ee5        0x3 
 .rodata.zeroes.7138
                0x00125ee8       0x10 c:/devkitpro/devkitarm/bin/../lib/gcc/arm-none-eabi/5.3.0/../../../../arm-none-eabi/lib/armv6k/fpu\libg.a(lib_a-vfprintf.o)
 .rodata.str1.4
                0x00125ef8       0x42 c:/devkitpro/devkitarm/bin/../lib/gcc/arm-none-eabi/5.3.0/../../../../arm-none-eabi/lib/armv6k/fpu\libg.a(lib_a-vfprintf.o)
                                 0x44 (size before relaxing)
 *fill*         0x00125f3a        0x2 
 .rodata.blanks.7137
                0x00125f3c       0x10 c:/devkitpro/devkitarm/bin/../lib/gcc/arm-none-eabi/5.3.0/../../../../arm-none-eabi/lib/armv6k/fpu\libg.a(lib_a-vfprintf.o)
 .rodata._ctype_
                0x00125f4c      0x104 c:/devkitpro/devkitarm/bin/../lib/gcc/arm-none-eabi/5.3.0/../../../../arm-none-eabi/lib/armv6k/fpu\libg.a(lib_a-ctype_.o)
                0x00125f4c                _ctype_
 .rodata.str1.4
                0x00126050       0x10 c:/devkitpro/devkitarm/bin/../lib/gcc/arm-none-eabi/5.3.0/../../../../arm-none-eabi/lib/armv6k/fpu\libg.a(lib_a-dtoa.o)
                                 0x14 (size before relaxing)
 .rodata.a1     0x00126060       0xbc c:/devkitpro/devkitarm/bin/../lib/gcc/arm-none-eabi/5.3.0/../../../../arm-none-eabi/lib/armv6k/fpu\libg.a(lib_a-jp2uc.o)
 .rodata.a2     0x0012611c       0xbc c:/devkitpro/devkitarm/bin/../lib/gcc/arm-none-eabi/5.3.0/../../../../arm-none-eabi/lib/armv6k/fpu\libg.a(lib_a-jp2uc.o)
 .rodata.a3     0x001261d8       0x5c c:/devkitpro/devkitarm/bin/../lib/gcc/arm-none-eabi/5.3.0/../../../../arm-none-eabi/lib/armv6k/fpu\libg.a(lib_a-jp2uc.o)
 .rodata.a6     0x00126234       0x70 c:/devkitpro/devkitarm/bin/../lib/gcc/arm-none-eabi/5.3.0/../../../../arm-none-eabi/lib/armv6k/fpu\libg.a(lib_a-jp2uc.o)
 .rodata.a7     0x001262a4       0xa4 c:/devkitpro/devkitarm/bin/../lib/gcc/arm-none-eabi/5.3.0/../../../../arm-none-eabi/lib/armv6k/fpu\libg.a(lib_a-jp2uc.o)
 .rodata.a8     0x00126348       0x40 c:/devkitpro/devkitarm/bin/../lib/gcc/arm-none-eabi/5.3.0/../../../../arm-none-eabi/lib/armv6k/fpu\libg.a(lib_a-jp2uc.o)
 .rodata.str1.4
                0x00126388       0x12 c:/devkitpro/devkitarm/bin/../lib/gcc/arm-none-eabi/5.3.0/../../../../arm-none-eabi/lib/armv6k/fpu\libg.a(lib_a-jp2uc.o)
                                 0x14 (size before relaxing)
 *fill*         0x0012639a        0x2 
 .rodata.b02cf  0x0012639c     0x172c c:/devkitpro/devkitarm/bin/../lib/gcc/arm-none-eabi/5.3.0/../../../../arm-none-eabi/lib/armv6k/fpu\libg.a(lib_a-jp2uc.o)
 .rodata.d02f4  0x00127ac8     0x1a7c c:/devkitpro/devkitarm/bin/../lib/gcc/arm-none-eabi/5.3.0/../../../../arm-none-eabi/lib/armv6k/fpu\libg.a(lib_a-jp2uc.o)
 .rodata.str1.4
                0x00129544      0x110 c:/devkitpro/devkitarm/bin/../lib/gcc/arm-none-eabi/5.3.0/../../../../arm-none-eabi/lib/armv6k/fpu\libg.a(lib_a-locale.o)
                                0x130 (size before relaxing)
 .rodata.str1.4
                0x00129654        0x4 c:/devkitpro/devkitarm/bin/../lib/gcc/arm-none-eabi/5.3.0/../../../../arm-none-eabi/lib/armv6k/fpu\libg.a(lib_a-mbrtowc.o)
 *fill*         0x00129654        0x4 
 .rodata.__mprec_tens
                0x00129658       0xc8 c:/devkitpro/devkitarm/bin/../lib/gcc/arm-none-eabi/5.3.0/../../../../arm-none-eabi/lib/armv6k/fpu\libg.a(lib_a-mprec.o)
                0x00129658                __mprec_tens
 .rodata.p05.5412
                0x00129720        0xc c:/devkitpro/devkitarm/bin/../lib/gcc/arm-none-eabi/5.3.0/../../../../arm-none-eabi/lib/armv6k/fpu\libg.a(lib_a-mprec.o)
 *fill*         0x0012972c        0x4 
 .rodata.__mprec_bigtens
                0x00129730       0x28 c:/devkitpro/devkitarm/bin/../lib/gcc/arm-none-eabi/5.3.0/../../../../arm-none-eabi/lib/armv6k/fpu\libg.a(lib_a-mprec.o)
                0x00129730                __mprec_bigtens
 .rodata.fpinan.5417
                0x00129758       0x14 c:/devkitpro/devkitarm/bin/../lib/gcc/arm-none-eabi/5.3.0/../../../../arm-none-eabi/lib/armv6k/fpu\libg.a(lib_a-strtod.o)
 .rodata.str1.4
                0x0012976c        0xf c:/devkitpro/devkitarm/bin/../lib/gcc/arm-none-eabi/5.3.0/../../../../arm-none-eabi/lib/armv6k/fpu\libg.a(lib_a-strtod.o)
                                 0x10 (size before relaxing)
 *fill*         0x0012977b        0x1 
 .rodata.fpi.5381
                0x0012977c       0x14 c:/devkitpro/devkitarm/bin/../lib/gcc/arm-none-eabi/5.3.0/../../../../arm-none-eabi/lib/armv6k/fpu\libg.a(lib_a-strtod.o)
 .rodata.tinytens
                0x00129790       0x28 c:/devkitpro/devkitarm/bin/../lib/gcc/arm-none-eabi/5.3.0/../../../../arm-none-eabi/lib/armv6k/fpu\libg.a(lib_a-strtod.o)
 .rodata.__state_table
                0x001297b8       0x6c c:/devkitpro/devkitarm/bin/../lib/gcc/arm-none-eabi/5.3.0/../../../../arm-none-eabi/lib/armv6k/fpu\libg.a(lib_a-svfiprintf.o)
                0x001297b8                __state_table
 .rodata.__chclass
                0x00129824      0x100 c:/devkitpro/devkitarm/bin/../lib/gcc/arm-none-eabi/5.3.0/../../../../arm-none-eabi/lib/armv6k/fpu\libg.a(lib_a-svfiprintf.o)
                0x00129824                __chclass
 .rodata.__action_table
                0x00129924       0x6c c:/devkitpro/devkitarm/bin/../lib/gcc/arm-none-eabi/5.3.0/../../../../arm-none-eabi/lib/armv6k/fpu\libg.a(lib_a-svfiprintf.o)
                0x00129924                __action_table
 .rodata.blanks.7122
                0x00129990       0x10 c:/devkitpro/devkitarm/bin/../lib/gcc/arm-none-eabi/5.3.0/../../../../arm-none-eabi/lib/armv6k/fpu\libg.a(lib_a-svfprintf.o)
 .rodata.str1.4
                0x001299a0       0x44 c:/devkitpro/devkitarm/bin/../lib/gcc/arm-none-eabi/5.3.0/../../../../arm-none-eabi/lib/armv6k/fpu\libg.a(lib_a-svfprintf.o)
 .rodata.zeroes.7123
                0x001299a0       0x10 c:/devkitpro/devkitarm/bin/../lib/gcc/arm-none-eabi/5.3.0/../../../../arm-none-eabi/lib/armv6k/fpu\libg.a(lib_a-svfprintf.o)
 .rodata.__hexdig
                0x001299b0      0x100 c:/devkitpro/devkitarm/bin/../lib/gcc/arm-none-eabi/5.3.0/../../../../arm-none-eabi/lib/armv6k/fpu\libg.a(lib_a-gdtoa-gethex.o)
                0x001299b0                __hexdig
 .rodata.str1.4
                0x00129ab0        0x8 c:/devkitpro/devkitarm/bin/../lib/gcc/arm-none-eabi/5.3.0/../../../../arm-none-eabi/lib/armv6k/fpu\libsysbase.a(iosupport.o)
 *all.rodata*(*)
 *(.gnu.linkonce.r*)
                0x00129ab8                . = ALIGN (0x4)

.eh_frame       0x00129ab8        0x0
 .eh_frame      0x00129ab8        0x0 c:/devkitpro/devkitarm/bin/../lib/gcc/arm-none-eabi/5.3.0/armv6k/fpu/crtbegin.o

.rel.dyn        0x00129ab8        0x0
 .rel.iplt      0x00129ab8        0x0 c:/devkitpro/devkitarm/bin/../lib/gcc/arm-none-eabi/5.3.0/../../../../arm-none-eabi/lib/armv6k/fpu/3dsx_crt0.o

.ARM.extab
 *(.ARM.extab* .gnu.linkonce.armextab.*)
                0x00129ab8                __exidx_start = .

ARM.exidx
 *(.ARM.exidx* .gnu.linkonce.armexidx.*)
                0x00129ab8                __exidx_end = .

.data           0x0012a000     0x2e34
 *(.data)
 .data          0x0012a000       0x54 c:/devkitPro/libctru/lib\libctru.a(console.o)
                0x0012a000                defaultConsole
                0x0012a04c                currentConsole
 .data          0x0012a054        0xc c:/devkitPro/libctru/lib\libctru.a(gfx.o)
 .data          0x0012a060        0x8 c:/devkitPro/libctru/lib\libctru.a(apt.o)
                0x0012a060                aptStatusMutex
 .data          0x0012a068        0x4 c:/devkitPro/libctru/lib\libctru.a(stack_adjust.o)
                0x0012a068                __stacksize__
 .data          0x0012a06c      0x46c c:/devkitPro/libctru/lib\libctru.a(sdmc_dev.o)
 .data          0x0012a4d8       0x44 c:/devkitpro/devkitarm/bin/../lib/gcc/arm-none-eabi/5.3.0/../../../../arm-none-eabi/lib/armv6k/fpu\libsysbase.a(iosupport.o)
                0x0012a4dc                devoptab_list
 .data          0x0012a51c     0x1000 c:/devkitpro/devkitarm/bin/../lib/gcc/arm-none-eabi/5.3.0/../../../../arm-none-eabi/lib/armv6k/fpu\libsysbase.a(chdir.o)
 .data          0x0012b51c     0x1028 c:/devkitpro/devkitarm/bin/../lib/gcc/arm-none-eabi/5.3.0/../../../../arm-none-eabi/lib/armv6k/fpu\libsysbase.a(handle_manager.o)
 *(.data.*)
 .data.__fdlib_version
                0x0012c544        0x1 c:/devkitpro/devkitarm/bin/../lib/gcc/arm-none-eabi/5.3.0/../../../../arm-none-eabi/lib/armv6k/fpu\libm.a(lib_a-s_lib_ver.o)
                0x0012c544                __fdlib_version
 *fill*         0x0012c545        0x3 
 .data.impure_data
                0x0012c548      0x440 c:/devkitpro/devkitarm/bin/../lib/gcc/arm-none-eabi/5.3.0/../../../../arm-none-eabi/lib/armv6k/fpu\libg.a(lib_a-impure.o)
 .data._impure_ptr
                0x0012c988        0x4 c:/devkitpro/devkitarm/bin/../lib/gcc/arm-none-eabi/5.3.0/../../../../arm-none-eabi/lib/armv6k/fpu\libg.a(lib_a-impure.o)
                0x0012c988                _impure_ptr
 .data.__malloc_av_
                0x0012c98c      0x408 c:/devkitpro/devkitarm/bin/../lib/gcc/arm-none-eabi/5.3.0/../../../../arm-none-eabi/lib/armv6k/fpu\libg.a(lib_a-mallocr.o)
                0x0012c98c                __malloc_av_
 .data.__malloc_trim_threshold
                0x0012cd94        0x4 c:/devkitpro/devkitarm/bin/../lib/gcc/arm-none-eabi/5.3.0/../../../../arm-none-eabi/lib/armv6k/fpu\libg.a(lib_a-mallocr.o)
                0x0012cd94                __malloc_trim_threshold
 .data.__malloc_sbrk_base
                0x0012cd98        0x4 c:/devkitpro/devkitarm/bin/../lib/gcc/arm-none-eabi/5.3.0/../../../../arm-none-eabi/lib/armv6k/fpu\libg.a(lib_a-mallocr.o)
                0x0012cd98                __malloc_sbrk_base
 .data.__malloc_lock_object
                0x0012cd9c        0xc c:/devkitpro/devkitarm/bin/../lib/gcc/arm-none-eabi/5.3.0/../../../../arm-none-eabi/lib/armv6k/fpu\libg.a(lib_a-mlock.o)
 .data.__wctomb
                0x0012cda8        0x4 c:/devkitpro/devkitarm/bin/../lib/gcc/arm-none-eabi/5.3.0/../../../../arm-none-eabi/lib/armv6k/fpu\libg.a(lib_a-wctomb_r.o)
                0x0012cda8                __wctomb
 .data.__atexit_lock
                0x0012cdac        0xc c:/devkitpro/devkitarm/bin/../lib/gcc/arm-none-eabi/5.3.0/../../../../arm-none-eabi/lib/armv6k/fpu\libg.a(lib_a-__call_atexit.o)
                0x0012cdac                __atexit_lock
 .data.__ctype_ptr__
                0x0012cdb8        0x4 c:/devkitpro/devkitarm/bin/../lib/gcc/arm-none-eabi/5.3.0/../../../../arm-none-eabi/lib/armv6k/fpu\libg.a(lib_a-ctype_.o)
                0x0012cdb8                __ctype_ptr__
 .data.__sfp_lock
                0x0012cdbc        0xc c:/devkitpro/devkitarm/bin/../lib/gcc/arm-none-eabi/5.3.0/../../../../arm-none-eabi/lib/armv6k/fpu\libg.a(lib_a-findfp.o)
 .data.__sinit_lock
                0x0012cdc8        0xc c:/devkitpro/devkitarm/bin/../lib/gcc/arm-none-eabi/5.3.0/../../../../arm-none-eabi/lib/armv6k/fpu\libg.a(lib_a-findfp.o)
 .data.lconv    0x0012cdd4       0x38 c:/devkitpro/devkitarm/bin/../lib/gcc/arm-none-eabi/5.3.0/../../../../arm-none-eabi/lib/armv6k/fpu\libg.a(lib_a-locale.o)
 .data.lc_ctype_charset
                0x0012ce0c       0x20 c:/devkitpro/devkitarm/bin/../lib/gcc/arm-none-eabi/5.3.0/../../../../arm-none-eabi/lib/armv6k/fpu\libg.a(lib_a-locale.o)
 .data.__mb_cur_max
                0x0012ce2c        0x4 c:/devkitpro/devkitarm/bin/../lib/gcc/arm-none-eabi/5.3.0/../../../../arm-none-eabi/lib/armv6k/fpu\libg.a(lib_a-locale.o)
                0x0012ce2c                __mb_cur_max
 .data.__mbtowc
                0x0012ce30        0x4 c:/devkitpro/devkitarm/bin/../lib/gcc/arm-none-eabi/5.3.0/../../../../arm-none-eabi/lib/armv6k/fpu\libg.a(lib_a-mbtowc_r.o)
                0x0012ce30                __mbtowc
 *(.gnu.linkonce.d*)
                0x0012ce34                . = ALIGN (0x4)

.igot.plt       0x0012ce34        0x0
 .igot.plt      0x0012ce34        0x0 c:/devkitpro/devkitarm/bin/../lib/gcc/arm-none-eabi/5.3.0/../../../../arm-none-eabi/lib/armv6k/fpu/3dsx_crt0.o

.jcr            0x0012ce34        0x0
 .jcr           0x0012ce34        0x0 c:/devkitpro/devkitarm/bin/../lib/gcc/arm-none-eabi/5.3.0/armv6k/fpu/crtbegin.o

.tm_clone_table
                0x0012ce34        0x0
 .tm_clone_table
                0x0012ce34        0x0 c:/devkitpro/devkitarm/bin/../lib/gcc/arm-none-eabi/5.3.0/armv6k/fpu/crtbegin.o
 .tm_clone_table
                0x0012ce34        0x0 c:/devkitpro/devkitarm/bin/../lib/gcc/arm-none-eabi/5.3.0/armv6k/fpu/crtend.o
                0x0012ce34                __TMC_END__

.tdata          0x0012ce34        0x0
                0x0012ce34                __tdata_lma = .
 *(.tdata)
 *(.tdata.*)
 *(.gnu.linkonce.td.*)
                0x0012ce34                . = ALIGN (0x4)
                0x0012ce34                __tdata_lma_end = .

.tbss           0x0012ce34     0x340c
 *(.tbss)
 .tbss          0x0012ce34     0x340c c:/devkitPro/libctru/lib\libctru.a(sdmc_dev.o)
 *(.tbss.*)
 *(.gnu.linkonce.tb.*)
 *(.tcommon)
                0x00130240                . = ALIGN (0x4)

.preinit_array  0x0012ce34        0x0
                0x0012ce34                PROVIDE (__preinit_array_start, .)
 *(.preinit_array)
                0x0012ce34                PROVIDE (__preinit_array_end, .)

.init_array     0x0012ce34        0x4
                0x0012ce34                PROVIDE (__init_array_start, .)
 *(SORT(.init_array.*))
 *(.init_array)
 .init_array    0x0012ce34        0x4 c:/devkitpro/devkitarm/bin/../lib/gcc/arm-none-eabi/5.3.0/armv6k/fpu/crtbegin.o
                0x0012ce38                PROVIDE (__init_array_end, .)

.fini_array     0x0012ce38        0x4
                0x0012ce38                PROVIDE (__fini_array_start, .)
 *(.fini_array)
 .fini_array    0x0012ce38        0x4 c:/devkitpro/devkitarm/bin/../lib/gcc/arm-none-eabi/5.3.0/armv6k/fpu/crtbegin.o
 *(SORT(.fini_array.*))
                0x0012ce3c                PROVIDE (__fini_array_end, .)

.ctors
 *crtbegin.o(.ctors)
 *(EXCLUDE_FILE(*crtend.o) .ctors)
 *(SORT(.ctors.*))
 *(.ctors)

.dtors
 *crtbegin.o(.dtors)
 *(EXCLUDE_FILE(*crtend.o) .dtors)
 *(SORT(.dtors.*))
 *(.dtors)
                0x0012ce3c                __bss_start__ = .

.bss            0x0012ce3c     0x57f0
 *(.dynbss)
 *(.bss)
 .bss           0x0012ce3c       0x1c c:/devkitpro/devkitarm/bin/../lib/gcc/arm-none-eabi/5.3.0/armv6k/fpu/crtbegin.o
 .bss           0x0012ce58        0xc c:/devkitPro/libctru/lib\libctru.a(gfx.o)
 .bss           0x0012ce64       0x4c c:/devkitPro/libctru/lib\libctru.a(apt.o)
                0x0012ce74                aptStatus
                0x0012ce75                aptStatusBeforeSleep
 .bss           0x0012ceb0        0xc c:/devkitPro/libctru/lib\libctru.a(gspgpu.o)
 .bss           0x0012cebc       0x2c c:/devkitPro/libctru/lib\libctru.a(hid.o)
 .bss           0x0012cee8        0xc c:/devkitPro/libctru/lib\libctru.a(irrst.o)
 .bss           0x0012cef4       0x14 c:/devkitPro/libctru/lib\libctru.a(mic.o)
 .bss           0x0012cf08        0x8 c:/devkitPro/libctru/lib\libctru.a(stack_adjust.o)
 .bss           0x0012cf10       0x14 c:/devkitPro/libctru/lib\libctru.a(linear.o)
 .bss           0x0012cf24       0x14 c:/devkitPro/libctru/lib\libctru.a(mappable.o)
 .bss           0x0012cf38       0x14 c:/devkitPro/libctru/lib\libctru.a(vram.o)
 .bss           0x0012cf4c        0x1 c:/devkitPro/libctru/lib\libctru.a(os.o)
                0x0012cf4c                __ctru_speedup
 *fill*         0x0012cf4d        0x3 
 .bss           0x0012cf50        0x8 c:/devkitPro/libctru/lib\libctru.a(srv.o)
 .bss           0x0012cf58        0x4 c:/devkitPro/libctru/lib\libctru.a(synchronization.o)
 .bss           0x0012cf5c        0x8 c:/devkitPro/libctru/lib\libctru.a(ptmsysm.o)
 *fill*         0x0012cf64        0x4 
 .bss           0x0012cf68       0x10 c:/devkitPro/libctru/lib\libctru.a(sdmc_dev.o)
 .bss           0x0012cf78       0x88 c:/devkitPro/libctru/lib\libctru.a(fs.o)
 .bss           0x0012d000        0x4 c:/devkitpro/devkitarm/bin/../lib/gcc/arm-none-eabi/5.3.0/../../../../arm-none-eabi/lib/armv6k/fpu\libsysbase.a(sbrk.o)
 .bss           0x0012d004        0x8 c:/devkitpro/devkitarm/bin/../lib/gcc/arm-none-eabi/5.3.0/../../../../arm-none-eabi/lib/armv6k/fpu\libsysbase.a(malloc_vars.o)